# Feat Name								Type				Required Ability				Required AL		Required Feat														Required Lvl		Required Skill				Req. Spell Type		Required Stat	Var. Min. Value			Define			Description																						Stackable?	Multiple?	Choose											Combat bonus						Add domain number			Bonus DR			Bonus to nb of slots			Modify VAR																				Source Page
Epic Spellfire Wielder	CATEGORY:FEAT	TYPE:Epic															PREABILITY:2,CATEGORY=FEAT,Endurance,Spellfire Wielder				PRELEVEL:MIN=21		PRESKILL:1,Concentration=20																				DESC:You can store more spellfire energy than normal.											STACK:YES	MULT:YES	CHOOSE:NOCHOICE																																						BONUS:VAR|SpellfireChannelerIncreasedStorageConBonus|2|EpicSpellfireWielder.STACK		SOURCEPAGE:p.136	BENEFIT:For the purpose of determining your limit of stored spellfire energy levels, treat your Constitution score as if it were 4 points higher than it is.




###Block: Epic Classes Feat Pool
# Feat Name											Type

# Spellfire Hierophant
CATEGORY=FEAT|Energy Resistance.MOD					TYPE:SpellfireHierophant
CATEGORY=FEAT|Epic Skill Focus.MOD					TYPE:SpellfireHierophant
CATEGORY=FEAT|Epic Spellfire Wielder.MOD			TYPE:SpellfireHierophant
CATEGORY=FEAT|Epic Toughness.MOD					TYPE:SpellfireHierophant
CATEGORY=FEAT|Epic Weapon Focus.MOD					TYPE:SpellfireHierophant
CATEGORY=FEAT|Exceptional Deflection.MOD			TYPE:SpellfireHierophant
CATEGORY=FEAT|Fast Healing.MOD						TYPE:SpellfireHierophant
CATEGORY=FEAT|Infinite Deflection.MOD				TYPE:SpellfireHierophant
CATEGORY=FEAT|Reflect Arrows.MOD					TYPE:SpellfireHierophant
