# CVS $Revision: $ $Author: $ -- Thu Jul 10 13:59:32 2014 -- reformated by prettylst.pl v1.51 (build 24365)

###Block: Subrace Support
# Template Name						Unique Key				Visible	Template						Source Page		Restricted AL		Required Race			Misc bonus		Favored Class		Ability									Automatically Gained Language		Bonus Languages													Region					Subrace	Temporary Bonus
Ghostwise							KEY:Ghostwise Halfling		VISIBLE:NO																							FAVOREDCLASS:Barbarian											AUTO:LANG|Common|Halfling		LANGBONUS:Chondathan,Elven,Gnoll,Shaaran,Sylvan														SUBRACE:YES
Lightfoot Halfling.MOD																																																						LANGBONUS:Chessentan,Chondathan,Damaran,Illuskan
Strongheart							KEY:Strongheart Halfling	VISIBLE:NO																							FAVOREDCLASS:Rogue											AUTO:LANG|Common|Halfling		LANGBONUS:Chondathan,Elven,Gnoll,Shaaran,Sylvan														SUBRACE:YES

# Ethnicity
# Template Name						Unique Key				Visible	Template						Source Page		Restricted AL		Required Race			Misc bonus		Favored Class		Ability									Automatically Gained Language		Bonus Languages													Region					Subrace	Temporary Bonus
Calishites							KEY:Ethnicity ~ Calishites	VISIBLE:NO																																																																SUBRACE:YES
Chondathans							KEY:Ethnicity ~ Chondathans	VISIBLE:NO																																																																SUBRACE:YES
Damarans							KEY:Ethnicity ~ Damarans	VISIBLE:NO																																																																SUBRACE:YES
Illuskans							KEY:Ethnicity ~ Illuskans	VISIBLE:NO																																																																SUBRACE:YES
Mulan								KEY:Ethnicity ~ Mulan		VISIBLE:NO																																																																SUBRACE:YES
Rashemis							KEY:Ethnicity ~ Rashemis	VISIBLE:NO																																																																SUBRACE:YES
Tethyrians							KEY:Ethnicity ~ Tethyrians	VISIBLE:NO																																																																SUBRACE:YES


# Regions
No Faerun Region											VISIBLE:NO																																																										REGION:No Faerunian region
#
# Human Region A/B
Human Region ~ Aglarond Region								VISIBLE:NO																																					AUTO:LANG|Aglarondan			LANGBONUS:Chessentan,Damaran,Draconic,Elven,Mulhorandi,Orc,Sylvan,Untheric			REGION:Aglarond
Human Region ~ Altumbel Region								VISIBLE:NO																																					AUTO:LANG|Aglarondan			LANGBONUS:Aquan,Chessentan,Chondathan,Rashemi,Serusan,Untheric					REGION:Altumbel
Human Region ~ Amn Region									VISIBLE:NO																																					AUTO:LANG|Chondathan			LANGBONUS:Alzhedo,Elven,Giant,Goblin,Nexalan,Orc,Shaaran						REGION:Amn
Human Region ~ Anauroch Region								VISIBLE:NO																																					AUTO:LANG|Midani				LANGBONUS:Chondathan,Damaran,Draconic,Gnoll,Netherese,Orc						REGION:Anauroch
Human Region ~ Calimshan Region								VISIBLE:NO																																					AUTO:LANG|Alzhedo				LANGBONUS:Auran,Chondathan,Chultan,Draconic,Ignan,Shaaran,Tashalan				REGION:Calimshan
Human Region ~ Chessenta Region								VISIBLE:NO																																					AUTO:LANG|Chessentan			LANGBONUS:Aglarondan,Chondathan,Draconic,Mulhorandi,Turmic,Untheric				REGION:Chessenta
Human Region ~ Chult Region									VISIBLE:NO																																					AUTO:LANG|Chultan				LANGBONUS:Alzhedo,Draconic,Dwarven,Goblin,Shaaran,Sylvan,Tashalan					REGION:Chult
Human Region ~ Cormyr Region									VISIBLE:NO																																					AUTO:LANG|Chondathan			LANGBONUS:Damaran,Elven,Gnome,Goblin,Halfling,Orc,Turmic						REGION:Cormyr
Human Region ~ Dalelands Region								VISIBLE:NO																																					AUTO:LANG|Chondathan			LANGBONUS:Damaran,Elven,Giant,Gnome,Orc,Sylvan								REGION:Dalelands
Human Region ~ Damara Region									VISIBLE:NO																																					AUTO:LANG|Damaran				LANGBONUS:Chondathan,Dwarven,Giant,Goblin,Orc,Uluik							REGION:Damara
Human Region ~ Dambrath Region								VISIBLE:NO																																					AUTO:LANG|Dambrathan			LANGBONUS:Dwarven,Elven,Gnoll,Halfling,Halruaan,Illuskan,Shaaran,Undercommon			REGION:Dambrath
Human Region ~ Dragon Coast Region								VISIBLE:NO																																					AUTO:LANG|Chondathan			LANGBONUS:Aglarondan,Chessentan,Damaran,Goblin,Halfling,Orc,Turmic				REGION:Dragon Coast
Human Region ~ Golden Water Region								VISIBLE:NO																																					AUTO:LANG|Durpari				LANGBONUS:Aglarondan,Dwarven,Giant,Halfling,Halruaan,Mulhorandi,Shaaran				REGION:Golden Water
Human Region ~ Great Dale Region								VISIBLE:NO																																					AUTO:LANG|Damaran				LANGBONUS:Giant,Goblin,Mulhorandi,Rashemi,Sylvan							REGION:Great Dale
Human Region ~ Great Glacier Region								VISIBLE:NO																																					AUTO:LANG|Uluik				LANGBONUS:Auran,Damaran,Dwarven,Elven,Giant								REGION:Great Glacier
Human Region ~ Halruaa Region									VISIBLE:NO																																					AUTO:LANG|Halruaan			LANGBONUS:Dambrathan,Elven,Goblin,Halfling,Shaaran,Tashalan						REGION:Halruaa
Human Region ~ Hordeland Region								VISIBLE:NO																																					AUTO:LANG|Tuigan				LANGBONUS:Damaran,Goblin,Mulhorandi,Rashemi,Shou Expatriate						REGION:Hordeland
Human Region ~ Impiltur Region								VISIBLE:NO																																					AUTO:LANG|Damaran				LANGBONUS:Aglarondan,Chessentan,Chondathan,Dwarven,Giant,Goblin,Mulhorandi,Turmic		REGION:Impiltur
Human Region ~ Lake of Steam Region								VISIBLE:NO																																					AUTO:LANG|Shaaran				LANGBONUS:Alzhedo,Chondathan,Dwarven,Goblin,Tashalan							REGION:Lake of Steam
Human Region ~ Lapaliiya Region								VISIBLE:NO																																					AUTO:LANG|Tashalan			LANGBONUS:Alzhedo,Chultan,Gnoll,Halruaan,Shaaran,Yuan-Ti						REGION:Lapaliiya
Human Region ~ Lantan Region									VISIBLE:NO																																					AUTO:LANG|Lantanese			LANGBONUS:Alzhedo,Chondathan,Dwarven,Gnome,Ignan,Illuskan						REGION:Lantan
Human Region ~ Moonsea Region									VISIBLE:NO																																					AUTO:LANG|Damaran				LANGBONUS:Chessentan,Chondathan,Draconic,Giant,Goblin,Orc						REGION:Moonsea
Human Region ~ Moonshae Region								VISIBLE:NO																																					AUTO:LANG|Illuskan			LANGBONUS:Aquan,Chondathan,Elven,Giant,Orc,Sylvan							REGION:Moonshae
Human Region ~ Mulhorand Region								VISIBLE:NO																																					AUTO:LANG|Mulhorandi			LANGBONUS:Aglarondan,Chessentan,Draconic,Durpari,Goblin,Tuigan,Untheric				REGION:Mulhorand
Human Region ~ Narfell Region									VISIBLE:NO																																					AUTO:LANG|Damaran				LANGBONUS:Goblin,Orc,Rashemi,Tuigan,Uluik									REGION:Narfell
Human Region ~ Nelanther Isles Region							VISIBLE:NO																																					AUTO:LANG|Chondathan			LANGBONUS:Alzhedo,Goblin,Illuskan,Lantanese,Orc,Shaaran						REGION:Nelanther Isles
Human Region ~ North Region									VISIBLE:NO																																					AUTO:LANG|Illuskan			LANGBONUS:Chondathan,Dwarven,Elven,Giant,Goblin,Orc							REGION:North
Human Region ~ Rashemen Region								VISIBLE:NO																																					AUTO:LANG|Rashemi				LANGBONUS:Aglarondan,Damaran,Goblin,Mulhorandi,Tuigan							REGION:Rashemen
Human Region ~ Ride Region									VISIBLE:NO																																					AUTO:LANG|Damaran				LANGBONUS:Chondathan,Giant,Goblin,Orc,Rashemi								REGION:Ride
Human Region ~ Sembia Region									VISIBLE:NO																																					AUTO:LANG|Chondathan			LANGBONUS:Chessentan,Damaran,Gnome,Halfling,Mulhorandi,Shaaran,Turmic				REGION:Sembia
Human Region ~ Shaar Region									VISIBLE:NO																																					AUTO:LANG|Shaaran				LANGBONUS:Alzhedo,Dambrathan,Durpari,Dwarven,Gnoll,Halruaan,Tashalan,Untheric			REGION:Shaar
Human Region ~ Shadovar Region								VISIBLE:NO																																					AUTO:LANG|Netherese			LANGBONUS:Chondathan,Damaran,Draconic,Elven,Loross,Thorass						REGION:Shadovar
Human Region ~ Shou Expatriate Region							VISIBLE:NO																																					AUTO:LANG|Shou Expatriate		LANGBONUS:Draconic,Durpari,Goblin,Mulhorandi,Rashemi,Tuigan						REGION:Shou Expatriate
Human Region ~ Silverymoon Region								VISIBLE:NO																																					AUTO:LANG|Chondathan			LANGBONUS:Dwarven,Elven,Giant,Illuskan,Orc,Sylvan							REGION:Silverymoon
Human Region ~ Sword Coast Region								VISIBLE:NO																																					AUTO:LANG|Illuskan			LANGBONUS:Chondathan,Dwarven,Giant,Halfling,Orc								REGION:Sword Coast
Human Region ~ Tashalar Region								VISIBLE:NO																																					AUTO:LANG|Tashalan			LANGBONUS:Alzhedo,Chultan,Draconic,Illuskan,Orc,Shaaran,Yuan-Ti					REGION:Tashalar
Human Region ~ Tethyr Region									VISIBLE:NO																																					AUTO:LANG|Chondathan			LANGBONUS:Alzhedo,Elven,Goblin,Lantanese,Orc								REGION:Tethyr
Human Region ~ Thay Region									VISIBLE:NO																																					AUTO:LANG|Mulhorandi			LANGBONUS:Chessentan,Damaran,Gnoll,Infernal,Rashemi,Tuigan,Untheric				REGION:Thay
Human Region ~ Thesk Region									VISIBLE:NO																																					AUTO:LANG|Damaran				LANGBONUS:Aglarondan,Chondathan,Giant,Gnoll,Mulhorandi,Orc,Rashemi,Shou Expatriate,Tuigan	REGION:Thesk
Human Region ~ Turmish Region									VISIBLE:NO																																					AUTO:LANG|Turmic				LANGBONUS:Chessentan,Chondathan,Draconic,Dwarven,Ignan,Shaaran					REGION:Turmish
Human Region ~ Unther Region									VISIBLE:NO																																					AUTO:LANG|Untheric			LANGBONUS:Chessentan,Draconic,Mulhorandi,Orc,Shaaran							REGION:Unther
Human Region ~ Uthgardt Tribesfolk Region							VISIBLE:NO																																					AUTO:LANG|Illuskan			LANGBONUS:Chondathan,Dwarven,Elven,Giant,Orc								REGION:Uthgardt Tribesfolk
Human Region ~ Vaasa Region									VISIBLE:NO																																					AUTO:LANG|Damaran				LANGBONUS:Abyssal,Giant,Goblin,Orc,Uluik									REGION:Vaasa
Human Region ~ Vast Region									VISIBLE:NO																																					AUTO:LANG|Damaran				LANGBONUS:Aglarondan,Chondathan,Dwarven,Giant,Goblin,Orc,Rashemi					REGION:Vast
Human Region ~ Vilhon Reach Region								VISIBLE:NO																																					AUTO:LANG|Chondathan			LANGBONUS:Chessentan,Damaran,Draconic,Elven,Shaaran,Turmic						REGION:Vilhon Reach
Human Region ~ Waterdeep Region								VISIBLE:NO																																					AUTO:LANG|Chondathan			LANGBONUS:Dwarven,Elven,Giant,Halfling,Illuskan,Orc							REGION:Waterdeep
Human Region ~ Western Heartlands Region							VISIBLE:NO																																					AUTO:LANG|Chondathan|Tethyrian	LANGBONUS:Elven,Giant,Goblin,Illuskan,Midani,Orc,Turmic						REGION:Western Heartlands
Human Region ~ Wizard's Reach Region							VISIBLE:NO																																					AUTO:LANG|Untheric			LANGBONUS:Aglarondan,Chessentan,Elven,Mulhorandi,Orc,Serusan					REGION:Wizard's Reach
# Dwarf Region C/D
Dwarf Region ~ Chult Region									VISIBLE:NO																																					AUTO:LANG|Chultan|Dwarven		LANGBONUS:Draconic,Goblin,Ignan,Shaaran,Tashalan							REGION:Chult
Dwarf Region ~ Galena Mountain Region							VISIBLE:NO																																					AUTO:LANG|Damaran|Dwarven		LANGBONUS:Chondathan,Giant,Goblin,Orc,Undercommon							REGION:Galena Mountain
Dwarf Region ~ Great Glacier Region								VISIBLE:NO																																					AUTO:LANG|Dwarven|Uluik			LANGBONUS:Aquan,Auran,Damaran,Draconic,Giant								REGION:Great Glacier
Dwarf Region ~ Great Rift Region								VISIBLE:NO																																					AUTO:LANG|Dwarven				LANGBONUS:Giant,Gnome,Goblin,Shaaran,Terran,Untheric							REGION:Great Rift
Dwarf Region ~ Oldonnar Region								VISIBLE:NO																																					AUTO:LANG|Dwarven				LANGBONUS:Draconic,Giant,Terran,Undercommon								REGION:Oldonnar
Dwarf Region ~ Smoking Mountains Region							VISIBLE:NO																																					AUTO:LANG|Dwarven				LANGBONUS:Chessentan,Goblin,Mulhorandi,Undercommon,Untheric						REGION:Smoking Mountains
Dwarf Region ~ Spine of the World Region							VISIBLE:NO																																					AUTO:LANG|Dwarven				LANGBONUS:Chondathan,Draconic,Giant,Goblin,Illuskan,Orc						REGION:Spine of the World
Dwarf Region ~ Sword Coast Region								VISIBLE:NO																																					AUTO:LANG|Dwarven|Illuskan		LANGBONUS:Chondathan,Elven,Giant,Gnome,Orc								REGION:Sword Coast
Dwarf Region ~ Turmish Region									VISIBLE:NO																																					AUTO:LANG|Dwarven|Turmic		LANGBONUS:Chondathan,Elven,Giant,Gnome,Halfling								REGION:Turmish
Dwarf Region ~ Underdark Darklands Region							VISIBLE:NO																																					AUTO:LANG|Dwarven|Undercommon		LANGBONUS:Aquan,Chondathan,Draconic,Giant,Goblin							REGION:Underdark (Darklands)
Dwarf Region ~ Underdark Northdark Region							VISIBLE:NO																																					AUTO:LANG|Dwarven|Undercommon		LANGBONUS:Draconic,Giant,Goblin,Orc,Terran								REGION:Underdark (Northdark)
Dwarf Region ~ Underdark Old Shanatar Region						VISIBLE:NO																																					AUTO:LANG|Dwarven|Undercommon		LANGBONUS:Aquan,Draconic,Elven,Gnome,Terran								REGION:Underdark (Old Shanatar)
Dwarf Region ~ Waterdeep Region								VISIBLE:NO																																					AUTO:LANG|Dwarven				LANGBONUS:Alzhedo,Chondathan,Elven,Halfling,Illuskan,Orc						REGION:Waterdeep
# Elf Region E/F
Elf Region ~ Chondalwood Region								VISIBLE:NO																																					AUTO:LANG|Elven				LANGBONUS:Chessentan,Chondathan,Gnoll,Halfling,Shaaran,Sylvan,Untheric				REGION:Chondalwood
Elf Region ~ Cormanthor Drow Region								VISIBLE:NO																																					AUTO:LANG|Elven				LANGBONUS:Abyssal,Chondathan,Draconic,Drow Sign Language,Orc,Sylvan,Undercommon		REGION:Cormanthor Drow
Elf Region ~ Court Region									VISIBLE:NO																																					AUTO:LANG|Chondathan|Elven		LANGBONUS:Damaran,Giant,Gnome,Orc,Sylvan									REGION:Elven Court
Elf Region ~ Evereska Region									VISIBLE:NO																																					AUTO:LANG|Chondathan|Elven		LANGBONUS:Auran,Draconic,Giant,Goblin,Illuskan,Orc							REGION:Evereska
Elf Region ~ Evermeet Region									VISIBLE:NO																																					AUTO:LANG|Elven				LANGBONUS:Aquan,Auran,Celestial,Chondathan,Illuskan,Sylvan						REGION:Evermeet
Elf Region ~ Forest of Lethyr Region							VISIBLE:NO																																					AUTO:LANG|Damaran|Elven			LANGBONUS:Giant,Gnoll,Gnome,Orc,Rashemi									REGION:Forest of Lethyr
Elf Region ~ High Forest Region								VISIBLE:NO																																					AUTO:LANG|Elven				LANGBONUS:Gnoll,Goblin,Halfling,Illuskan,Sylvan								REGION:High Forest
Elf Region ~ Inner Sea Region									VISIBLE:NO																																					AUTO:LANG|Elven|Serusan			LANGBONUS:Aquan,Chondathan,Draconic,Giant,Sylvan							REGION:Inner Sea
Elf Region ~ Menzoberranyr Region								VISIBLE:NO																																					AUTO:LANG|Elven|Undercommon		LANGBONUS:Abyssal,Draconic,Drow Sign Language,Goblin,Illuskan					REGION:Underdark (Menzoberranyr)
Elf Region ~ Sildeyuir Region									VISIBLE:NO																																					AUTO:LANG|Aglarondan|Elven		LANGBONUS:Abyssal,Auran,Infernal,Mulhorandi,Rashemi,Sylvan						REGION:Sildeyuir
Elf Region ~ Silverymoon Region								VISIBLE:NO																																					AUTO:LANG|Elven|Illuskan		LANGBONUS:Chondathan,Dwarven,Giant,Orc,Sylvan								REGION:Silverymoon
Elf Region ~ Snow Eagle Aerie Region							VISIBLE:NO																																					AUTO:LANG|Auran|Elven			LANGBONUS:Damaran,Draconic,Giant,Rashemi,Sylvan,Tuigan						REGION:Snow Eagle Aerie
Elf Region ~ Waterdeep Region									VISIBLE:NO																																					AUTO:LANG|Chondathan|Elven		LANGBONUS:Alzhedo,Dwarven,Halfling,Illuskan,Orc								REGION:Waterdeep
Elf Region ~ Wealdath Region									VISIBLE:NO																																					AUTO:LANG|Chondathan|Elven		LANGBONUS:Alzhedo,Draconic,Giant,Goblin,Shaaran								REGION:Wealdath
Elf Region ~ Yuirwood Region									VISIBLE:NO																																					AUTO:LANG|Aglarondan|Elven		LANGBONUS:Chessentan,Damaran,Draconic,Mulhorandi,Sylvan,Untheric					REGION:Yuirwood
# Gnome Region G/H
Gnome Region ~ Great Dale Region								VISIBLE:NO																																					AUTO:LANG|Damaran|Gnome			LANGBONUS:Draconic,Elven,Gnoll,Goblin,Orc,Sylvan							REGION:Great Dale
Gnome Region ~ Lantan Region									VISIBLE:NO																																					AUTO:LANG|Gnome|Lantanese		LANGBONUS:Alzhedo,Chondathan,Draconic,Dwarven,Ignan,Illuskan					REGION:Lantan
Gnome Region ~ Thesk Region									VISIBLE:NO																																					AUTO:LANG|Aglarondan|Gnome		LANGBONUS:Damaran,Draconic,Elven,Goblin,Orc,Sylvan							REGION:Thesk
Gnome Region ~ Underdark Northdark Region							VISIBLE:NO																																					AUTO:LANG|Gnome|Undercommon		LANGBONUS:Draconic,Dwarven,Elven,Illuskan,Terran							REGION:Underdark (Northdark)
Gnome Region ~ Western Heartlands Region							VISIBLE:NO																																					AUTO:LANG|Gnome|Chondathan		LANGBONUS:Draconic,Dwarven,Goblin,Illuskan,Sylvan,Terran						REGION:Western Heartlands
# Half Elf Region I/J
Half-Elf Region ~ Aglarond Region								VISIBLE:NO																																					AUTO:LANG|Aglarondan|Elven		LANGBONUS:Chessentan,Damaran,Draconic,Mulhorandi,Orc,Sylvan,Untheric				REGION:Aglarond
Half-Elf Region ~ Dalelands Region								VISIBLE:NO																																					AUTO:LANG|Chondathan|Elven		LANGBONUS:Dwarven,Giant,Goblin,Sylvan,Undercommon							REGION:Dalelands
Half-Elf Region ~ Dambrath Region								VISIBLE:NO																																					AUTO:LANG|Dambrathan|Elven		LANGBONUS:Draconic,Gnoll,Halfling,Halruaan,Shaaran,Undercommon					REGION:Dambrath
Half-Elf Region ~ Dragon Coast Region							VISIBLE:NO																																					AUTO:LANG|Elven|Serusan			LANGBONUS:Aquan,Chondathan,Giant,Goblin,Turmic								REGION:Dragon Coast
Half-Elf Region ~ Silverymoon Region							VISIBLE:NO																																					AUTO:LANG|Elven|Illuskan		LANGBONUS:Chondathan,Dwarven,Giant,Orc,Sylvan								REGION:Silverymoon
Half-Elf Region ~ Waterdeep Region								VISIBLE:NO																																					AUTO:LANG|Chondathan|Elven		LANGBONUS:Alzhedo,Dwarven,Halfling,Illuskan,Orc								REGION:Waterdeep
# Halfling Region K/L
Halfling Region ~ Cannath Vale Region							VISIBLE:NO																																					AUTO:LANG|Halfling|Shaaran		LANGBONUS:Dambrathan,Dwarven,Elven,Gnoll,Halruaan							REGION:Cannath Vale
Halfling Region ~ Chondalwood Region							VISIBLE:NO																																					AUTO:LANG|Chondathan|Halfling		LANGBONUS:Chessentan,Elven,Gnoll,Shaaran,Sylvan								REGION:Chondalwood
Halfling Region ~ Lurien Region								VISIBLE:NO																																					AUTO:LANG|Halfling			LANGBONUS:Dambrathan,Durpari,Dwarven,Elven,Gnoll,Halruaan,Shaaran					REGION:Lurien
Halfling Region ~ Western Heartlands Region						VISIBLE:NO																																					AUTO:LANG|Chondathan|Halfling		LANGBONUS:Alzhedo,Dwarven,Gnome,Goblin,Illuskan								REGION:Western Heartlands
# Orc/Half Orc Region M/N
Orc Region ~ Amn Region										VISIBLE:NO																																					AUTO:LANG|Orc|Chondathan		LANGBONUS:Alzhedo,Draconic,Giant,Gnoll,Halfling								REGION:Amn
Orc Region ~ Chessenta Region									VISIBLE:NO																																					AUTO:LANG|Orc|Chessentan		LANGBONUS:Chondathan,Draconic,Giant,Turmic								REGION:Chessenta
Orc Region ~ Hordeland Region									VISIBLE:NO																																					AUTO:LANG|Orc|Rashemi			LANGBONUS:Damaran,Gnoll,Mulhorandi,Tuigan									REGION:Hordeland
Orc Region ~ Moonsea Region									VISIBLE:NO																																					AUTO:LANG|Orc|Damaran			LANGBONUS:Chondathan,Draconic,Dwarven,Giant								REGION:Moonsea
Orc Region ~ North Region									VISIBLE:NO																																					AUTO:LANG|Orc|Illuskan			LANGBONUS:Draconic,Dwarven,Giant,Goblin									REGION:North
Orc Region ~ Thesk Region									VISIBLE:NO																																					AUTO:LANG|Orc|Damaran			LANGBONUS:Giant,Gnoll,Mulhorandi,Rashemi									REGION:Thesk
Orc Region ~ Underdark Northdark Region							VISIBLE:NO																																					AUTO:LANG|Orc				LANGBONUS:Abyssal,Giant,Goblin,Illuskan,Undercommon							REGION:Underdark (Northdark)
Orc Region ~ Vaasa Region									VISIBLE:NO																																					AUTO:LANG|Orc|Damaran			LANGBONUS:Dwarven,Giant,Goblin,Uluik,Undercommon							REGION:Vaasa
# Planar Region O/P
Planetouched Region ~ Calimshan Region							VISIBLE:NO																																					AUTO:LANG|Alzhedo				LANGBONUS:Auran,Chondathan,Goblin,Ignan,Shaaran,Tashalan						REGION:Calimshan
Planetouched Region ~ Mulhorand Region							VISIBLE:NO																																					AUTO:LANG|Mulhorandi			LANGBONUS:Aglarondan,Celestial,Rashemi,Shaaran,Untheric						REGION:Mulhorand
Planetouched Region ~ Thay Region								VISIBLE:NO																																					AUTO:LANG|Mulhorandi			LANGBONUS:Aglarondan,Damaran,Gnoll,Infernal,Rashemi							REGION:Thay
Planetouched Region ~ Chessenta Region							VISIBLE:NO																																					AUTO:LANG|Chessentan			LANGBONUS:Aglarondan,Chondathan,Draconic,Mulhorandi,Turmic,Untheric				REGION:Chessenta
Planetouched Region ~ Unther Region								VISIBLE:NO																																					AUTO:LANG|Untheric			LANGBONUS:Abyssal,Chessentan,Dwarven,Orc,Shaaran							REGION:Unther


Otherworldly Template
Trascendence

###Races
Lesser Drow							KEY:Elf ~ Lesser Drow		VISIBLE:NO	TEMPLATE:CHOOSE:Drow Male|Drow Female																														AUTO:LANG|Common|Elven			LANGBONUS:Draconic,Gnoll,Gnome,Goblin,Orc,Sylvan													SUBRACE:YES

Water Genasi											VISIBLE:NO																							FAVOREDCLASS:Fighter																	LANGBONUS:ALL																			SUBRACE:YES
Fire Genasi												VISIBLE:NO																							FAVOREDCLASS:Fighter																	LANGBONUS:ALL																			SUBRACE:YES
Air Genasi												VISIBLE:NO																							FAVOREDCLASS:Fighter																	LANGBONUS:ALL																			SUBRACE:YES
Earth Genasi											VISIBLE:NO																							FAVOREDCLASS:Fighter																	LANGBONUS:ALL																			SUBRACE:YES

###Missing
# Dracolich - Template (Handled in Draco)
Shade															TEMPLATE:Shade ~ When in Darkness		SOURCEPAGE:p.314	!PREALIGN:LG,NG,CG	PRERACE:1,RACETYPE=Humanoid	BONUS:MISC|CR|2					ABILITY:Internal|AUTOMATIC|Race Traits ~ Shade Template

# COMMENT: REDO SKILL bonuses as Situation Bonuses
Shade ~ When in Darkness									VISIBLE:NO																																																																		TEMPBONUS:PC|MOVEADD|TYPE.Walk|20	TEMPBONUS:PC|COMBAT|AC|4|TYPE=Deflection	TEMPBONUS:PC|COMBAT|TOHIT,DAMAGE|2|TYPE=Competence	TEMPBONUS:PC|STAT|CON,CHA|2	TEMPBONUS:PC|SAVE|ALL|4|TYPE=Luck	TEMPBONUS:PC|SKILL|Listen,Spot|4|TYPE=Racial	TEMPBONUS:PC|SKILL|Hide,Move Silently|8|TYPE=Racial
