
Racial Traits ~ Aasimar	CATEGORY:Internal	ABILITY:Aasimar Trait|AUTOMATIC|TYPE=Base Aasimar Trait	BONUS:VAR|POOL_Aasimar_Subrace|1	DEFINE:POOL_Aasimar_Subrace|0		BONUS:VAR|RaceBase_Walk|30

Ability Score Increase	KEY:Aasimar ~ Ability Score Increase	CATEGORY:Special Ability	SORTKEY:1_Race	TYPE:Race Trait.Aasimar Trait.Base Aasimar Trait.SpecialQuality	SOURCEPAGE:p.104	DESC:Your Charisma score increases by 2.	BONUS:STAT|CHA|2|TYPE=Racial
Languages			KEY:Aasimar ~ Languages			CATEGORY:Special Ability	SORTKEY:1_Race	TYPE:Race Trait.Aasimar Trait.Base Aasimar Trait.SpecialQuality	SOURCEPAGE:p.105	DESC:You can speak, read, and write Common and Celestial.	ABILITY:Language Selection|AUTOMATIC|Common|Celestial
Darkvision			KEY:Aasimar ~ Darkvision			SOURCEPAGE:p.105	CATEGORY:Special Ability	SORTKEY:1_Race	TYPE:Race Trait.Aasimar Trait.Base Aasimar Trait.SpecialQuality	DESC:You can see in dim light within 60 feet of you as if it were bright light, and in darkness as if it were dim light. You can't discern color in darkness, only shades of gray.	BONUS:VAR|DarkvisionRange|60|TYPE=Base
Celestial Resistance			KEY:Aasimar ~ Celestial Resistance		CATEGORY:Special Ability	SORTKEY:1_Race	TYPE:Race Trait.Aasimar Trait.Base Aasimar Trait.SpecialQuality	SOURCEPAGE:p.105	DESC:You have resistance to necrotic damage and radiant damage
Healing Hands			KEY:Aasimar ~ Healing Hands			CATEGORY:Special Ability	SORTKEY:1_Race	TYPE:Race Trait.Aasimar Trait.Base Aasimar Trait.SpecialQuality	SOURCEPAGE:p.105	DESC:As an action you can touch a creature and cause it to regain a number of hit points equal to your level. Once you use this trait, you can't use it again until you finish a long rest.
Light Bearer			KEY:Aasimar ~ Light Bearer			CATEGORY:Special Ability	SORTKEY:1_Race	TYPE:Race Trait.Aasimar Trait.Base Aasimar Trait.SpecialQuality	SOURCEPAGE:p.105	DESC:You know the light cantrip. Charisma is your spellcasting ability for it.

# Subrace
Protector Aasimar			KEY:Aasimar Subrace ~ Protector		CATEGORY:Internal			TYPE:AasimarSubrace	TEMPLATE:Subrace ~ Protector		ABILITY:Aasimar Trait|AUTOMATIC|TYPE=Protector Aasimar Trait
Scourge Aasimar			KEY:Aasimar Subrace ~ Scourge		CATEGORY:Internal			TYPE:AasimarSubrace	TEMPLATE:Subrace ~ Scourge		ABILITY:Aasimar Trait|AUTOMATIC|TYPE=Scourge Aasimar Trait
Fallen Aasimar			KEY:Aasimar Subrace ~ Fallen		CATEGORY:Internal			TYPE:AasimarSubrace	TEMPLATE:Subrace ~ Fallen		ABILITY:Aasimar Trait|AUTOMATIC|TYPE=Fallen Aasimar Trait

# Protector Aasimar Trait
Ability Score Increase	KEY:Aasimar ~ Ability Score Increase	SOURCEPAGE:p.105	CATEGORY:Special Ability	SORTKEY:1_Race	TYPE:Race Trait.Aasimar Trait.Protector Aasimar Trait.SpecialQuality	DESC:Your Wisdom score increases by 1.	BONUS:STAT|WIS|1|TYPE=Racial
Radiant Soul	KEY:Aasimar ~ Radiant Soul	SOURCEPAGE:p.105	CATEGORY:Special Ability	SORTKEY:1_Race	TYPE:Race Trait.Aasimar Trait.Protector Aasimar Trait.SpecialQuality	DESC:Starting at 3rd Level, you can use your action to unleash the divine energy within yourself, causing your eyes to glimmer and two luminous, incorporeal wings to sprout from your back. Your transformation lasts for 1 minute or until you end it as a bonus action. During it, you have a flying speed of 30 feet, and once on each of your turns, you can deal extra radiant damage to one target when you deal damage to it with an attack or a spell. The extra radiant damage equals your level. Once you use this trait, you can't use it again until you finish a long rest

# Scourge Aasimar Trait
Ability Score Increase	KEY:Aasimar ~ Ability Score Increase	SOURCEPAGE:p.105	CATEGORY:Special Ability	SORTKEY:1_Race	TYPE:Race Trait.Aasimar Trait.Scourge Aasimar Trait.SpecialQuality	DESC:Your Constitution score increases by 1.	BONUS:STAT|CON|1|TYPE=Racial
Radiant Consumption	KEY:Aasimar ~ Radiant Consumption	SOURCEPAGE:p.105	CATEGORY:Special Ability	SORTKEY:1_RACE	TYPE:Race Trait.Aasimar Trait.Scourge Aasimar Trait.SpecialQuality	DESC:Starting at 3rd level, you can use your action to unleash the divine energy within yourself, causing a searing light to radiate from you, pour out your eyes and mouth, and threaten to char you. Your transformation lasts for 1 minute or until you end it as a bonus action. During it, you shed bright light in a 10-foot radius and dim light for an additional 10 feet, and at the end of each of your turns, you and each creature within 10 feet of you take radiant damage equal to half your level (rounded up). In addition, once on each of your turns, you can deal extra radiant damage to one target when you deal damage to it with an attack or a spell. The extra radiant damage equals your level. Once you use this trait, you can't use it again until you finish a long rest

# Fallen Aasimar Trait
Ability Score Increase	KEY:Aasimar ~ Ability Score Increase	SOURCEPAGE:p.105	CATEGORY:Special Ability	SORTKEY:1_Race	TYPE:Race Trait.Aasimar Trait.Fallen Aasimar Trait.SpecialQuality	DESC:Your Strength score increases by 1.	BONUS:STAT|STR|1|TYPE=Racial
Necrotic Shroud	KEY:Aasimar ~ Necrotic Shroud	SOURCEPAGE:p.105	CATEGORY:Special Ability	SORTKEY:1_Race	TYPE:Race Trait.Aasimar Trait.Fallen Aasimar Trait.SpecialQuality	DESC:Starting at 3rd level, you can use your action to unlease the divine energy within yourself, causing your eyes to turn into pools of darkness and two skeletal ghostly, flightless wings to sprout from your back. The instant you transform, other creatures within 10 feet of you that can see you must each succeed on a Charisma saving throw (DC 8 + your proficiency bonus + your Charisma modifier) or become frightened of you until the end of your next turn. Your transformation lasts for 1 minute or until you end it as a bonus action. During it, once on each of your turns, you can deal extra necrotic damage to one target when you deal damage to it with an attack or a spell. The extra necrotic damage equals your level. Once you use this trait, you can't use it again until you finish a long rest.


Racial Traits ~ Kenku	CATEGORY:Internal	ABILITY:Kenku Trait|AUTOMATIC|TYPE=Base Kenku Trait

Ability Score Increase	KEY:Kenku ~ Ability Score Increase	CATEGORY:Special Ability	SORTKEY:1_Race	TYPE:Race Trait.Kenku Trait.Base Kenku Trait.SpecialQuality	SOURCEPAGE:p.111	DESC:Your Dexterity score increases by 2, and your Wisdom score increases by 1.	BONUS:STAT|DEX|2|TYPE=Racial	BONUS:STAT|WIS|1|TYPE=Racial
Expert Forgery			KEY:Kenku ~ Expert Forgery		CATEGORY:Special Ability	SORTKEY:1_Race	TYPE:Race Trait.Kenku Trait.Base Kenku Trait.SpecialQuality	SOURCEPAGE:p.111	DESC:You can duplicate other creatures' handwriting and craftwork. You have advantage on all checks made to produce forgeries or duplicates of existing objects
Mimicry			KEY:Kenku ~ Mimicry		CATEGORY:Special Ability	SORTKEY:1_Race	TYPE:Race Trait.Kenku Trait.Base Kenku Trait.SpecialQuality	SOURCEPAGE:p.111	DESC:You can mimic sounds you have heard, including voices. A creature that hears the sounds you make can tell they are imitations with a successful Wisdom(Insight) check opposed by your Charisma(Deception) check
Languages			KEY:Kenku ~ Languages			CATEGORY:Special Ability	SORTKEY:1_Race	TYPE:Race Trait.Kenku Trait.Base Kenku Trait.SpecialQuality	SOURCEPAGE:p.111	DESC:You can read and write Common and Auran, but you can speak only by using your Mimicry trait.	ABILITY:Language Selection|AUTOMATIC|Auran|Common


# Air Genasi Trait
#Ability Score Increase	KEY:Genasi ~ Ability Score Increase	SOURCEPAGE:p.9	CATEGORY:Special Ability	SORTKEY:1_Race	TYPE:Race Trait.Genasi Trait.Air Genasi Trait.SpecialQuality	DESC:Your Dexterity score increases by 1.	BONUS:STAT|DEX|1|TYPE=Racial
#Unending Breath		KEY:Genasi ~ Unending Breath		SOURCEPAGE:p.9	CATEGORY:Special Ability	SORTKEY:1_Race	TYPE:Race Trait.Genasi Trait.Air Genasi Trait.SpecialQuality	DESC:You can hold your breath indefinitely while you're not incapacitated.
#Mingle with the Wind	KEY:Genasi ~ Mingle with the Wind	SOURCEPAGE:p.9	CATEGORY:Special Ability	SORTKEY:1_Race	TYPE:Race Trait.Genasi Trait.Air Genasi Trait.SpecialQuality	DESC:You can cast the levitate spell once with this trait, requiring no material components, and you regain the ability to cast it this way when you finish a long rest. Constitution is your spellcasting ability for this spell.	SPELLS:Genasi|TIMES=1|TIMEUNIT=Short Rest|CASTERLEVEL=TL|Levitate,8+CON+Proficiency_Bonus
#Swim				KEY:Genasi ~ Swim				SOURCEPAGE:p.10	CATEGORY:Special Ability	SORTKEY:1_Race	TYPE:Race Trait.Genasi Trait.Water Genasi Trait.SpecialQuality	DESC:You have a swimming speed of 30 feet.	BONUS:VAR|Race_Swim|30|TYPE=Base


###Block: Feat


###Block: Language Support
Auran		CATEGORY:Language	AUTO:LANG|Auran		TYPE:Language.Spoken.Auran


###Block: Cantrip Support

# Druid
#Create Bonfire	KEY:Druid Cantrip ~ Create Bonfire		TYPE:Druid Cantrip	CATEGORY:Internal	SPELLKNOWN:CLASS|Druid=0|Create Bonfire
