# CVS $Revision: $ $Author: $ -- Wed May 27 21:05:30 2015 -- reformated by PCGen PrettyLST v6.04.01




# Race Name		SORTKEY			Unique Key			Output Name				Favored Class					Starting Feats	Size		Move			Face/Space	Reach		Combat bonus					Stat bonus																	Modify VAR				Racial HD Class Skills														Ability									Nb Legs	Nb Hands	Natural Attacks												Monster Class Name and Starting Level	Main Race Type	Race Subtype				Type			Challenge Rating	Source Page		Apply Kit
Cyclops (Lesser)	SORTKEY:CYCLOPS_001					OUTPUTNAME:Cyclops, [NAME]								STARTFEATS:1	SIZE:L	MOVE:Walk,40	FACE:5	REACH:10	BONUS:COMBAT|AC|10|TYPE=NaturalArmor	BONUS:STAT|STR|16	BONUS:STAT|DEX|-2	BONUS:STAT|CON|8	BONUS:STAT|INT|-4	BONUS:STAT|WIS|-2	BONUS:STAT|CHA|-4						MONCSKILL:Climb|Jump|Spot													ABILITY:Internal|AUTOMATIC|Race Traits ~ Lesser Cyclops	LEGS:2	HANDS:2															MONSTERCLASS:Giant:13				RACETYPE:Giant							TYPE:Giant		CR:8			SOURCEPAGE:DD	KIT:1|CE
Cyclops (Greater)	SORTKEY:CYCLOPS_002					OUTPUTNAME:Cyclops, [NAME]								STARTFEATS:1	SIZE:H	MOVE:Walk,40	FACE:5	REACH:5	BONUS:COMBAT|AC|10|TYPE=NaturalArmor	BONUS:STAT|STR|22	BONUS:STAT|DEX|2	BONUS:STAT|CON|12	BONUS:STAT|INT|6	BONUS:STAT|WIS|8	BONUS:STAT|CHA|4						MONCSKILL:Craft (Armorsmithing)|Craft (Weaponsmithing)								ABILITY:Internal|AUTOMATIC|Race Traits ~ Greater Cyclops	LEGS:2	HANDS:2															MONSTERCLASS:Giant:16				RACETYPE:Giant							TYPE:Giant		CR:11			SOURCEPAGE:DD	KIT:1|CG
Faun																FAVCLASS:Bard					STARTFEATS:1	SIZE:M	MOVE:Walk,30	FACE:5	REACH:5								BONUS:STAT|DEX|2	BONUS:STAT|WIS|-2	BONUS:STAT|CHA|-2										BONUS:VAR|HasLowLightVision|1	MONCSKILL:Bluff|Diplomacy|Hide|Knowledge (Nature)|Listen|Move Silently|Spot|Survival|TYPE=Perform	ABILITY:Internal|AUTOMATIC|Race Traits ~ Faun			LEGS:2	HANDS:2															MONSTERCLASS:Fey:1				RACETYPE:Fey							TYPE:Fey		CR:1/2		SOURCEPAGE:DD
Minion of Set														FAVCLASS:Assassin|Blackguard|Cleric|Rogue	STARTFEATS:1	SIZE:M	MOVE:Walk,30	FACE:5	REACH:5	BONUS:COMBAT|AC|12|TYPE=NaturalArmor	BONUS:STAT|STR|4	BONUS:STAT|CON|2	BONUS:STAT|INT|2	BONUS:STAT|WIS|4	BONUS:STAT|CHA|2									MONCSKILL:Bluff|Hide|Intimidate|Knowledge (Religion)|Move Silently|Spot						ABILITY:Internal|AUTOMATIC|Race Traits ~ Minion Of Set	LEGS:2	HANDS:2															MONSTERCLASS:Outsider:6				RACETYPE:Outsider	RACESUBTYPE:Chaotic|Evil		TYPE:Outsider	CR:6			SOURCEPAGE:DD	KIT:1|CE
Energon (Xag-Ya)																					STARTFEATS:1	SIZE:M	MOVE:Fly,20		FACE:5	REACH:5								BONUS:STAT|DEX|6	BONUS:STAT|CON|2	BONUS:STAT|INT|-4	BONUS:STAT|CHA|8												MONCSKILL:Hide|Search|Sense Motive|Spot											ABILITY:Internal|AUTOMATIC|Race Traits ~ Xag-Ya			LEGS:0	HANDS:2	NATURALATTACKS:Incorporeal touch,Weapon.Natural.Melee.Finesseable.Piercing,*2,1d6	MONSTERCLASS:Outsider:5				RACETYPE:Outsider	RACESUBTYPE:Energon|Incorporeal	TYPE:Outsider	CR:4			SOURCEPAGE:DD	KIT:1|TN


# Companions
# Companion (Xag-Ya)	KEY:Companion ~ Xag-Ya		STARTFEATS:1	SIZE:M	MOVE:Fly,20	FACE:5	REACH:5			KIT:1|TN										BONUS:STAT|DEX|6	BONUS:STAT|CON|2	BONUS:STAT|INT|-4		BONUS:STAT|CHA|8			MONCSKILL:Hide|Search|Sense Motive|Spot									LEGS:0	HANDS:2				NATURALATTACKS:Incorporeal touch,Weapon.Natural.Melee.Finesseable.Piercing,*2,1d6		ABILITY:Internal|AUTOMATIC|Race Traits ~ Xag-Ya									MONSTERCLASS:Outsider:5	RACETYPE:Outsider	RACESUBTYPE:Energon|Incorporeal	TYPE:Outsider							CR:4	SOURCEPAGE:DD
Energon (Xag-Ya)					KEY:Companion ~ Xag-Ya													STARTFEATS:1	SIZE:M	MOVE:Fly,20		FACE:5	REACH:5								BONUS:STAT|DEX|6	BONUS:STAT|CON|2	BONUS:STAT|INT|-4	BONUS:STAT|CHA|8												MONCSKILL:Hide|Search|Sense Motive|Spot											ABILITY:Internal|AUTOMATIC|Race Traits ~ Xag-Ya			LEGS:0	HANDS:2	NATURALATTACKS:Incorporeal touch,Weapon.Natural.Melee.Finesseable.Piercing,*2,1d6	MONSTERCLASS:Outsider:5				RACETYPE:Outsider	RACESUBTYPE:Energon|Incorporeal	TYPE:Outsider	CR:4			SOURCEPAGE:DD	KIT:1|TN
