SOURCELONG:Arcana Evolved	SOURCESHORT:AE
#Malhavoc Press - UA Classes Updated:2006-04-03

#	Akashic
#	Champion
#	Greenbond

# Class Name	Hit Dice	Type			Abbreviation	Source Page		Automatically Gained Language	Save checks bonus							Combat bonus
CLASS:Mage Blade	HD:8		TYPE:Base.PC	ABB:MB		SOURCEPAGE:p.	AUTO:LANG|Literacy		BONUS:CHECKS|BASE.Reflex,BASE.Fortitude,BASE.Will|0	BONUS:COMBAT|BAB|CL*3/4|TYPE=Base.REPLACE
# Class Name	Skill Pts/Lvl	Class Skill
CLASS:Mage Blade	STARTSKILLPTS:2	CSKILL:Alchemy|Climb|Concentration|TYPE=Craft|Intimidate|Jump|TYPE=Knowledge|Search|Speak Language|Spellcraft|Swim
# Class Name	Spell Stat		Spell Type		Automatically Known Spell Levels									Spellbook		Caster level
CLASS:Mage Blade	SPELLSTAT:INT	SPELLTYPE:Arcane	KNOWNSPELLS:LEVEL=0|LEVEL=1|LEVEL=2|LEVEL=3|LEVEL=4|LEVEL=5|LEVEL=6|LEVEL=7|LEVEL=8	SPELLBOOK:YES	BONUS:CASTERLEVEL|Mage Blade|CL
###Block:Proficiencies
1																																																																																																																		AUTO:FEAT|Martial Weapon Proficiency|Simple Weapon Proficiency
1																																																																																																			ABILITY:Special Ability|AUTOMATIC|All Automatic Proficiencies|All Martial Proficiencies
1																																																																																																																		AUTO:FEAT|Armor Proficiency (Light)
7																																																																																																																		AUTO:FEAT|Armor Proficiency (Medium)
5										ADD:FEAT|Armor Proficiency (Exotic),Armor Proficiency (Heavy),Armor Proficiency (Medium),Bloody Strike,Bonded Item,Combat Reflexes,Complex Spell,Defensive Move,Defensive Stance ~ Malhavoc,Exotic Spell,Exotic Weapon Proficiency,Expertise,Far Shot,Hunter Mage,Improved Critical,Improved Disarm,Improved Initiative,Improved Trip,Mobility,Modify Spell,Point Blank Shot,Precise Shot,Psion,Quick Draw,Rapid Strike,Shot on the Run,Stunning Blow,Two-Weapon Fighting*,Unarmed Strike (Defensive*),Weapon Finesse,Weapon Focus,TYPE=Mage Blade
10										ADD:FEAT|Armor Proficiency (Exotic),Armor Proficiency (Heavy),Armor Proficiency (Medium),Bloody Strike,Bonded Item,Combat Reflexes,Complex Spell,Defensive Move,Defensive Stance ~ Malhavoc,Exotic Spell,Exotic Weapon Proficiency,Expertise,Far Shot,Hunter Mage,Improved Critical,Improved Disarm,Improved Initiative,Improved Trip,Mobility,Modify Spell,Point Blank Shot,Precise Shot,Psion,Quick Draw,Rapid Strike,Shot on the Run,Stunning Blow,Two-Weapon Fighting*,Unarmed Strike (Defensive*),Weapon Finesse,Weapon Focus,TYPE=Mage Blade
15										ADD:FEAT|Armor Proficiency (Exotic),Armor Proficiency (Heavy),Armor Proficiency (Medium),Bloody Strike,Bonded Item,Combat Reflexes,Complex Spell,Defensive Move,Defensive Stance ~ Malhavoc,Exotic Spell,Exotic Weapon Proficiency,Expertise,Far Shot,Hunter Mage,Improved Critical,Improved Disarm,Improved Initiative,Improved Trip,Mobility,Modify Spell,Point Blank Shot,Precise Shot,Psion,Quick Draw,Rapid Strike,Shot on the Run,Stunning Blow,Two-Weapon Fighting*,Unarmed Strike (Defensive*),Weapon Finesse,Weapon Focus,TYPE=Mage Blade
20										ADD:FEAT|Armor Proficiency (Exotic),Armor Proficiency (Heavy),Armor Proficiency (Medium),Bloody Strike,Bonded Item,Combat Reflexes,Complex Spell,Defensive Move,Defensive Stance ~ Malhavoc,Exotic Spell,Exotic Weapon Proficiency,Expertise,Far Shot,Hunter Mage,Improved Critical,Improved Disarm,Improved Initiative,Improved Trip,Mobility,Modify Spell,Point Blank Shot,Precise Shot,Psion,Quick Draw,Rapid Strike,Shot on the Run,Stunning Blow,Two-Weapon Fighting*,Unarmed Strike (Defensive*),Weapon Finesse,Weapon Focus,TYPE=Mage Blade
21										ADD:FEAT|Armor Proficiency (Exotic),Armor Proficiency (Heavy),Armor Proficiency (Medium),Bloody Strike,Bonded Item,Combat Reflexes,Complex Spell,Defensive Move,Defensive Stance ~ Malhavoc,Exotic Spell,Exotic Weapon Proficiency,Expertise,Far Shot,Hunter Mage,Improved Critical,Improved Disarm,Improved Initiative,Improved Trip,Mobility,Modify Spell,Point Blank Shot,Precise Shot,Psion,Quick Draw,Rapid Strike,Shot on the Run,Stunning Blow,Two-Weapon Fighting*,Unarmed Strike (Defensive*),Weapon Finesse,Weapon Focus,TYPE=Mage Blade
23										ADD:FEAT|Armor Proficiency (Exotic),Armor Proficiency (Heavy),Armor Proficiency (Medium),Bloody Strike,Bonded Item,Combat Reflexes,Complex Spell,Defensive Move,Defensive Stance ~ Malhavoc,Exotic Spell,Exotic Weapon Proficiency,Expertise,Far Shot,Hunter Mage,Improved Critical,Improved Disarm,Improved Initiative,Improved Trip,Mobility,Modify Spell,Point Blank Shot,Precise Shot,Psion,Quick Draw,Rapid Strike,Shot on the Run,Stunning Blow,Two-Weapon Fighting*,Unarmed Strike (Defensive*),Weapon Finesse,Weapon Focus,TYPE=Mage Blade
24										ADD:FEAT|Armor Proficiency (Exotic),Armor Proficiency (Heavy),Armor Proficiency (Medium),Bloody Strike,Bonded Item,Combat Reflexes,Complex Spell,Defensive Move,Defensive Stance ~ Malhavoc,Exotic Spell,Exotic Weapon Proficiency,Expertise,Far Shot,Hunter Mage,Improved Critical,Improved Disarm,Improved Initiative,Improved Trip,Mobility,Modify Spell,Point Blank Shot,Precise Shot,Psion,Quick Draw,Rapid Strike,Shot on the Run,Stunning Blow,Two-Weapon Fighting*,Unarmed Strike (Defensive*),Weapon Finesse,Weapon Focus,TYPE=Mage Blade
#SAVE BLOCK - Formula Changes up at 9th and 16th level just used these to make it work correctly - A. Maitland
2	BONUS:CHECKS|BASE.Reflex,BASE.Fortitude,BASE.Will|1
4	BONUS:CHECKS|BASE.Reflex,BASE.Fortitude,BASE.Will|1
6	BONUS:CHECKS|BASE.Reflex,BASE.Fortitude,BASE.Will|1
9	BONUS:CHECKS|BASE.Reflex,BASE.Fortitude,BASE.Will|1
11	BONUS:CHECKS|BASE.Reflex,BASE.Fortitude,BASE.Will|1
13	BONUS:CHECKS|BASE.Reflex,BASE.Fortitude,BASE.Will|1
16	BONUS:CHECKS|BASE.Reflex,BASE.Fortitude,BASE.Will|1
18	BONUS:CHECKS|BASE.Reflex,BASE.Fortitude,BASE.Will|1
20	BONUS:CHECKS|BASE.Reflex,BASE.Fortitude,BASE.Will|1
22	BONUS:CHECKS|BASE.Reflex,BASE.Fortitude,BASE.Will|1
24	BONUS:CHECKS|BASE.Reflex,BASE.Fortitude,BASE.Will|1
#Using Known to replicate the "Readied Spells" from the Spell System.
###Block: Level progression
1	CAST:2,0											SAB:Athame
2	CAST:2,1
3	CAST:3,2
4	CAST:3,2,0																	ABILITY:Special Ability|AUTOMATIC|Shimmering Shield
5	CAST:3,2,1
6	CAST:3,2,2											SAB:Athame Defense
7	CAST:4,3,2,0																ABILITY:Special Ability|AUTOMATIC|Sprightly Step
8	CAST:4,3,2,1
9	CAST:4,3,2,2										SAB:Summon Athame (Standard Action)
10	CAST:4,3,3,2,0
11	CAST:4,4,3,2,1																ABILITY:Special Ability|AUTOMATIC|Slice through Wardings
12	CAST:4,4,3,2,2																ABILITY:Special Ability|AUTOMATIC|Familiarity with Magic
13	CAST:4,4,3,3,2,0
14	CAST:4,4,4,3,2,1		SAB:.CLEAR.Summon Athame (Standard Action)	SAB:Summon Athame (Free Action)
15	CAST:4,4,4,3,2,2
16	CAST:4,4,4,3,3,2,0															ABILITY:Special Ability|AUTOMATIC|Spell Parry
17	CAST:4,4,4,4,3,2,1
18	CAST:4,4,4,4,3,2,2									SAB:Slice through Spells
19	CAST:4,4,4,4,3,3,2,0
20	CAST:4,4,4,4,4,3,2,1
21	CAST:4,4,4,4,4,3,2,2
22	CAST:4,4,4,4,4,3,3,2,0
23	CAST:4,4,4,4,4,3,3,2,1
24	CAST:4,4,4,4,4,3,3,2,2
25	CAST:4,4,4,4,4,3,3,3,2

#KNOWN:6,6,6,6,6,4,3,2KNOWN:6,6,6,6,6,5,4,3,0KNOWN:6,6,6,6,6,5,4,3,1KNOWN:6,6,6,6,6,5,4,3,2KNOWN:6,6,6,6,6,6,5,4,3
#KNOWN:2,1	KNOWN:3,2	KNOWN:3,3	KNOWN:3,3,0	KNOWN:4,3,1
#KNOWN:4,4,2	KNOWN:4,4,3,0	KNOWN:5,4,3,1
#KNOWN:5,5,3,2	KNOWN:5,5,4,3,0	KNOWN:6,5,4,3,1
#KNOWN:6,6,4,3,2	KNOWN:6,6,5,4,3,0	KNOWN:6,6,5,4,3,1
#KNOWN:6,6,5,4,3,2	KNOWN:6,6,6,5,4,3,0
#KNOWN:6,6,6,5,4,3,1	KNOWN:6,6,6,5,4,3,2
#KNOWN:6,6,6,6,5,4,3,0	KNOWN:6,6,6,6,5,4,3,1
###END MAGE BLADE

#	MAGISTER

# Class Name	Hit Dice	Type			Abbreviation	Source Page				Automatically Gained Language	Save checks bonus											Combat bonus
CLASS:Magister	HD:6		TYPE:Base.PC	ABB:MAG		SOURCEPAGE:Arcana Evolved	AUTO:LANG|Literacy		BONUS:CHECKS|BASE.Reflex,BASE.Fortitude|CL/3	BONUS:CHECKS|BASE.Will|CL/2+3	BONUS:COMBAT|BAB|CL/2|TYPE=Base.REPLACE
# Class Name	Skill Pts/Lvl	Class Skill
CLASS:Magister	STARTSKILLPTS:2	CSKILL:Alchemy|Concentration|TYPE=Craft|Decipher Script|Innuendo|Intimidate|TYPE=Knowledge|Search|Speak Language|Spellcraft
# Class Name	Spell Stat		Spell Type		Automatically Known Spell Levels												Spellbook		Caster level
CLASS:Magister	SPELLSTAT:INT	SPELLTYPE:Arcane	KNOWNSPELLS:LEVEL=0|LEVEL=1|LEVEL=2|LEVEL=3|LEVEL=4|LEVEL=5|LEVEL=6|LEVEL=7|LEVEL=8|LEVEL=9|LEVEL=10	SPELLBOOK:YES	BONUS:CASTERLEVEL|Magister|CL
###Block:Proficiencies
#1	AUTO:FEATSimple Weapon Proficiency
1																																																																																													AUTO:WEAPONPROF|Magister's Staff
5																																																																																													AUTO:WEAPONPROF|Sword Stave
5	ADD:FEAT|Aid Spellcasting,Attune to Magic Item,Battle Mage,Blessed Mage,Blood as Power,Brandish Magical Might,Conjure Mastery,Corrupt Mage,Craft Charged Item,Craft Constant Item,Craft Magic Arms and Armor,Craft Single-Use Item,Craft Spell-Completion Item,Creator Mage,Dragon Mage,Eldritch Training,Elemental Mage,Energy Mage,Exotic Spell,Fey Mage,Giantish Mage,Hunter Mage,Infuse Weapon,Iron Will,Litorian Mage,Modify Spell,Peaceful Mage,Psion,Quicken Spell,Resistant Spell,Runecaster,Sanctum,Sibeccai Mage,Tattooed Spell,Unraveling Mage,Wild Mage
10	ADD:FEAT|Aid Spellcasting,Attune to Magic Item,Battle Mage,Blessed Mage,Blood as Power,Brandish Magical Might,Conjure Mastery,Corrupt Mage,Craft Charged Item,Craft Constant Item,Craft Magic Arms and Armor,Craft Single-Use Item,Craft Spell-Completion Item,Creator Mage,Dragon Mage,Eldritch Training,Elemental Mage,Energy Mage,Exotic Spell,Fey Mage,Giantish Mage,Hunter Mage,Infuse Weapon,Iron Will,Litorian Mage,Modify Spell,Peaceful Mage,Psion,Quicken Spell,Resistant Spell,Runecaster,Sanctum,Sibeccai Mage,Tattooed Spell,Unraveling Mage,Wild Mage
15	ADD:FEAT|Aid Spellcasting,Attune to Magic Item,Battle Mage,Blessed Mage,Blood as Power,Brandish Magical Might,Conjure Mastery,Corrupt Mage,Craft Charged Item,Craft Constant Item,Craft Magic Arms and Armor,Craft Single-Use Item,Craft Spell-Completion Item,Creator Mage,Dragon Mage,Eldritch Training,Elemental Mage,Energy Mage,Exotic Spell,Fey Mage,Giantish Mage,Hunter Mage,Infuse Weapon,Iron Will,Litorian Mage,Modify Spell,Peaceful Mage,Psion,Quicken Spell,Resistant Spell,Runecaster,Sanctum,Sibeccai Mage,Tattooed Spell,Unraveling Mage,Wild Mage
20	ADD:FEAT|Aid Spellcasting,Attune to Magic Item,Battle Mage,Blessed Mage,Blood as Power,Brandish Magical Might,Conjure Mastery,Corrupt Mage,Craft Charged Item,Craft Constant Item,Craft Magic Arms and Armor,Craft Single-Use Item,Craft Spell-Completion Item,Creator Mage,Dragon Mage,Eldritch Training,Elemental Mage,Energy Mage,Exotic Spell,Fey Mage,Giantish Mage,Hunter Mage,Infuse Weapon,Iron Will,Litorian Mage,Modify Spell,Peaceful Mage,Psion,Quicken Spell,Resistant Spell,Runecaster,Sanctum,Sibeccai Mage,Tattooed Spell,Unraveling Mage,Wild Mage
25	ADD:FEAT|Aid Spellcasting,Attune to Magic Item,Battle Mage,Blessed Mage,Blood as Power,Brandish Magical Might,Conjure Mastery,Corrupt Mage,Craft Charged Item,Craft Constant Item,Craft Magic Arms and Armor,Craft Single-Use Item,Craft Spell-Completion Item,Creator Mage,Dragon Mage,Eldritch Training,Elemental Mage,Energy Mage,Exotic Spell,Fey Mage,Giantish Mage,Hunter Mage,Infuse Weapon,Iron Will,Litorian Mage,Modify Spell,Peaceful Mage,Psion,Quicken Spell,Resistant Spell,Runecaster,Sanctum,Sibeccai Mage,Tattooed Spell,Unraveling Mage,Wild Mage

#Using Known to replicate the "Readied Spells" from the Spell System.
###Block: Level progression
1	CAST:2,1				KNOWN:5,3					SAB:Magister's Staff
2	CAST:3,2				KNOWN:6,3
3	CAST:3,2,1				KNOWN:6,4,2
4	CAST:3,3,2				KNOWN:7,4,3
5	CAST:4,3,2,1			KNOWN:7,5,3,2
6	CAST:4,3,3,2			KNOWN:8,5,4,3				SAB:Familiarity with magic
7	CAST:4,4,3,2,1			KNOWN:8,6,4,3,2
8	CAST:4,4,3,3,2			KNOWN:9,6,5,4,3
9	CAST:5,4,4,3,2,1			KNOWN:9,7,5,4,3,2
10	CAST:5,4,4,3,3,2			KNOWN:9,7,6,5,4,3
11	CAST:5,5,4,4,3,2,1		KNOWN:9,8,6,5,4,3,2
12	CAST:5,5,4,4,3,3,2		KNOWN:9,8,7,6,5,4,3			SAB:Lesser aspect of power
13	CAST:5,5,5,4,4,3,2,1		KNOWN:9,9,7,6,5,4,3,2
14	CAST:6,5,5,4,4,3,3,2		KNOWN:9,9,8,7,6,5,4,3			SAB:Lesser mind over matter
15	CAST:6,5,5,5,4,4,3,2,1		KNOWN:9,9,8,7,6,5,4,3,2
16	CAST:6,6,5,5,4,4,3,3,2		KNOWN:9,9,9,8,7,6,5,4,3
17	CAST:6,6,5,5,5,4,4,3,2,1	KNOWN:9,9,9,8,7,6,5,4,3,2
18	CAST:6,6,6,5,5,4,4,3,3,2	KNOWN:9,9,9,9,8,7,6,5,4,3		SAB:Greater aspect of power
19	CAST:6,6,6,5,5,5,4,4,3,2	KNOWN:9,9,9,9,8,7,6,5,4,3
20	CAST:7,6,6,6,5,5,4,4,3,3	KNOWN:9,9,9,9,9,8,7,6,5,4
21	CAST:99,6,6,6,5,5,5,4,4,3,1	KNOWN:99,9,9,9,9,8,7,6,5,4,1
22	CAST:99,7,6,6,6,5,5,4,4,3,2	KNOWN:99,99,9,9,9,9,8,7,6,5,2		SAB:Greater mind over matter
23	CAST:99,99,6,6,6,5,5,5,4,4,3	KNOWN:99,99,99,9,9,9,8,7,6,5,3
24	CAST:99,99,7,6,6,6,5,5,4,4,4	KNOWN:99,99,99,99,9,9,9,8,7,6,4	SAB:Master's aspect of power
25	CAST:99,99,99,6,6,6,5,5,5,4,4	KNOWN:99,99,99,99,99,9,9,8,7,6,4

#	Oathsworn

#	Ritual Warrior

#	Runethane

#	Totem Warrior

#	Unfettered

#	Warmain

#	Witch

### >>>RACIAL CLASSES<<<

# Class Name	Hit Dice	Type			Abbreviation	Source Page				Automatically Gained Language	Save checks bonus											Combat bonus
CLASS:Litorian	HD:8		TYPE:Base.PC	ABB:Lit		SOURCEPAGE:Arcana Evolved	AUTO:LANG|Literacy		BONUS:CHECKS|BASE.Will|CL/3	BONUS:CHECKS|BASE.Fortitude,BASE.Reflex|CL/2+2	BONUS:COMBAT|BAB|CL|TYPE=Base.REPLACE
# Class Name	Skill Pts/Lvl	Class Skill
CLASS:Litorian	STARTSKILLPTS:2	CSKILL:Balance|Climb|TYPE=Craft|Jump|Knowledge (Litorians)|Search|Sneak|Survival

###Block:Proficiencies
1																																											AUTO:FEAT|All Automatic Proficiencies|Simple Weapon Proficiencies
1																																											AUTO:FEAT|Armor Proficiency (Light)
1																																					AUTO:ARMORPROF|ARMORTYPE=Light
1																																																						AUTO:SHIELDPROF|Shield (Light)
###Racial Levels
1																					BONUS:STAT|STR,DEX|1
2	SAB:Scent														BONUS:MOVEADD|TYPE.Walk|10
3																					BONUS:STAT|CON,DEX|1																																				AUTO:WEAPONPROF|Bite (Litorian)
###Evolved Levels
4																					BONUS:STAT|STR,CON|1
5										BONUS:COMBAT|AC|TYPE.Natural|1										BONUS:WEAPONPROF=Bite (Litorian)|DAMAGE,TOHIT|1	ADD:SPELLCASTER|Arcane
6	SAB:Litorian Claws: 1d8 natural damage	SAB:Pounce												BONUS:STAT|DEX|2																																					AUTO:WEAPONPROF|Claws (Litorian)


#	Mojh
#	Rune Children
#	Sibeccai
#	Verrik

### HIDDEN

# Class Name	Visible
CLASS:Simple	VISIBLE:NO
# Class Name	Spell Stat		Spell Type		Automatically Known Spell Levels												Spellbook		Caster level
CLASS:Simple	SPELLSTAT:INT	SPELLTYPE:Arcane	KNOWNSPELLS:LEVEL=0|LEVEL=1|LEVEL=2|LEVEL=3|LEVEL=4|LEVEL=5|LEVEL=6|LEVEL=7|LEVEL=8|LEVEL=9|LEVEL=10	SPELLBOOK:YES	BONUS:CASTERLEVEL|Simple|CL

# Class Name	Visible
CLASS:Complex	VISIBLE:NO
# Class Name	Spell Stat		Spell Type		Automatically Known Spell Levels												Spellbook		Caster level
CLASS:Complex	SPELLSTAT:INT	SPELLTYPE:Arcane	KNOWNSPELLS:LEVEL=0|LEVEL=1|LEVEL=2|LEVEL=3|LEVEL=4|LEVEL=5|LEVEL=6|LEVEL=7|LEVEL=8|LEVEL=9|LEVEL=10	SPELLBOOK:YES	BONUS:CASTERLEVEL|Complex|CL

# Class Name	Visible
CLASS:Exotic	VISIBLE:NO
# Class Name	Spell Stat		Spell Type		Automatically Known Spell Levels												Spellbook		Caster level
CLASS:Exotic	SPELLSTAT:INT	SPELLTYPE:Arcane	KNOWNSPELLS:LEVEL=0|LEVEL=1|LEVEL=2|LEVEL=3|LEVEL=4|LEVEL=5|LEVEL=6|LEVEL=7|LEVEL=8|LEVEL=9|LEVEL=10	SPELLBOOK:YES	BONUS:CASTERLEVEL|Exotic|CL
