# CVS $Revision: $ $Author: $ -- Thu Aug  4 19:56:56 2016 -- reformated by PCGen PrettyLST v6.06.00
SOURCELONG:Monster Manual	SOURCESHORT:MM	SOURCEDATE:2014-10

# Companion Support
# Race Name		Size		Move				Stat bonus											Modify VAR																				Ability									Natural Attacks																																																																Monster Class Name and Starting Level	Main Race Type		Challenge Rating	Source Page		Apply Kit
Homunculus		SIZE:T	MOVE:Walk,20,Fly,40	BONUS:STAT|STR|-6	BONUS:STAT|DEX|4	BONUS:STAT|CHA|-4				BONUS:VAR|AC_Natural_Armor|1|TYPE=Racial	BONUS:VAR|DarkvisionRange|60|TYPE=Base								ABILITY:Internal|AUTOMATIC|Racial Traits ~ Homunculus																																																																				MONSTERCLASS:Hit Die:2				RACETYPE:Construct	CR:0			SOURCEPAGE:p.188	KIT:1|TN
Pseudodragon	SIZE:T	MOVE:Walk,15,Fly,60	BONUS:STAT|STR|-4	BONUS:STAT|DEX|4	BONUS:STAT|CON|2	BONUS:STAT|WIS|2	BONUS:VAR|AC_Natural_Armor|1|TYPE=Racial	BONUS:VAR|DarkvisionRange|60|TYPE=Base	BONUS:VAR|BlindsightRange|10|TYPE=Base	ABILITY:Internal|AUTOMATIC|Racial Traits ~ Pseudodragon	NATURALATTACKS:Bite,Melee.Weapon.Attack.Natural.Piercing,*1,1d4	NATURALATTACKS:Sting,Melee.Weapon.Attack.Natural.Piercing,*1,1d4,SPROP=target must succeed on a DC 11 Constitution saving throw or become poisoned for 1 hour. If the saving throw fails by 5 or more; the target falls unconscious for the same duration or until it takes damage or another creature uses an action to shake it awake.	MONSTERCLASS:Hit Die:2				RACETYPE:Dragon		CR:1/4		SOURCEPAGE:p.254	KIT:1|NG

# USING KIT TO SET STATS. No longer using BONUS:STAT.


# Playable Races
Aarakocra										KEY:Aarakocra										SIZE:M	MOVE:Walk,0,Fly,0																												ABILITY:RACE|AUTOMATIC|Aarakocra	RACETYPE:Humanoid		RACESUBTYPE:Aarakocra	CR:1/4		SOURCEPAGE:p.12	
Bugbear										KEY:Bugbear											SIZE:M	MOVE:Walk,0		BONUS:VAR|DarkvisionRange|60|TYPE=Base															ABILITY:RACE|AUTOMATIC|Bugbear	RACETYPE:Humanoid		RACESUBTYPE:Goblinoid	CR:1			SOURCEPAGE:p.33	
Goblin										KEY:Goblin											SIZE:S	MOVE:Walk,0		BONUS:VAR|DarkvisionRange|60|TYPE=Base															ABILITY:RACE|AUTOMATIC|Goblin		RACETYPE:Humanoid		RACESUBTYPE:Goblinoid	CR:1/4		SOURCEPAGE:p.166				
Orc											KEY:Orc											SIZE:M	MOVE:Walk,0		BONUS:VAR|DarkvisionRange|60|TYPE=Base															ABILITY:RACE|AUTOMATIC|Orc		RACETYPE:Humanoid		RACESUBTYPE:Orc		CR:1/2		SOURCEPAGE:p.246					

###Block: Monsters A-Z
# Race Name					SORTKEY				Unique Key						Output Name				Size		Move				Bonus Ability Pool				Modify VAR																				Ability													Natural Attacks																					Monster Class Name and Starting Level	Main Race Type		Race Subtype		Challenge Rating	Source Page		Apply Kit
Aboleth										KEY:Aboleth											SIZE:L	MOVE:Walk,10,Swim,40								BONUS:VAR|AC_Natural_Armor|8|TYPE=Racial	BONUS:VAR|DarkvisionRange|120|TYPE=Base	BONUS:VAR|TelepathyRange|120|TYPE=Base	ABILITY:RACE|AUTOMATIC|Aboleth																													MONSTERCLASS:Hit Die:18				RACETYPE:Aberration					CR:10			SOURCEPAGE:p.13	KIT:1|Aboleth	KIT:1|LE
Angel (Deva)				SORTKEY:Angel			KEY:Angel (Deva)					OUTPUTNAME:Deva			SIZE:M	MOVE:Walk,30,Fly,90								BONUS:VAR|AC_Natural_Armor|3|TYPE=Racial	BONUS:VAR|DarkvisionRange|120|TYPE=Base								ABILITY:RACE|AUTOMATIC|Angel (Deva)																												MONSTERCLASS:Hit Die:16				RACETYPE:Celestial	RACESUBTYPE:Angel		CR:10			SOURCEPAGE:p.16	KIT:1|Angel (Deva)	KIT:1|LG
Angel (Planetar)				SORTKEY:Angel			KEY:Angel (Planetar)				OUTPUTNAME:Planetar		SIZE:L	MOVE:Walk,40,Fly,120								BONUS:VAR|AC_Natural_Armor|4|TYPE=Racial	BONUS:VAR|DarkvisionRange|0|TYPE=Base								ABILITY:RACE|AUTOMATIC|Angel (Planetar)																												MONSTERCLASS:Hit Die:16				RACETYPE:Celestial	RACESUBTYPE:Angel		CR:10			SOURCEPAGE:p.17	KIT:1|Angel (Planetar)	KIT:1|LG
Angel (Solar)				SORTKEY:Angel			KEY:Angel (Solar)					OUTPUTNAME:Solar			SIZE:L	MOVE:Walk,50,Fly,150								BONUS:VAR|AC_Natural_Armor|5|TYPE=Racial	BONUS:VAR|TrueSightRange|120|TYPE=Base	BONUS:VAR|TelepathyRange|120|TYPE=Base	ABILITY:RACE|AUTOMATIC|Angel (Solar)																												MONSTERCLASS:Hit Die:18				RACETYPE:Celestial	RACESUBTYPE:Angel		CR:21			SOURCEPAGE:p.18	KIT:1|Angel (Solar)	KIT:1|LG
Animated Object (Animated Armor)	SORTKEY:Animated Object		KEY:Animated Object (Animated Armor)	OUTPUTNAME:Animated Armor	SIZE:M	MOVE:Walk,25									BONUS:VAR|AC_Natural_Armor|8|TYPE=Racial	BONUS:VAR|BlindsightRange|60|TYPE=Base								ABILITY:RACE|AUTOMATIC|Animated Object (Animated Armor)																									MONSTERCLASS:Hit Die:6				RACETYPE:Construct					CR:1			SOURCEPAGE:p.19	KIT:1|Animated Object (Animated Armor)	KIT:1|UA
Animated Object (Flying Sword)	SORTKEY:Animated Object		KEY:Animated Object (Flying Sword)		OUTPUTNAME:Flying Sword		SIZE:S	MOVE:Walk,0,Fly,50								BONUS:VAR|AC_Natural_Armor|5|TYPE=Racial	BONUS:VAR|BlindsightRange|60|TYPE=Base								ABILITY:RACE|AUTOMATIC|Animated Object (Flying Sword)																									MONSTERCLASS:Hit Die:5				RACETYPE:Construct					CR:1/4		SOURCEPAGE:p.20	KIT:1|Animated Object (Flying Sword)	KIT:1|UA
Animated Object (Rug of Smothering)	SORTKEY:Animated Object		KEY:Animated Object (Rug of Smothering)	OUTPUTNAME:Rug of Smothering	SIZE:L	MOVE:Walk,10									BONUS:VAR|BlindsightRange|60|TYPE=Base															ABILITY:RACE|AUTOMATIC|Animated Object (Rug of Smothering)																								MONSTERCLASS:Hit Die:6				RACETYPE:Construct					CR:2			SOURCEPAGE:p.20	KIT:1|Animated Object (Rug of Smothering)	KIT:1|UA
Ankheg										KEY:Ankheg											SIZE:L	MOVE:Walk,30,Burrow,10								BONUS:VAR|AC_Natural_Armor|4|TYPE=Racial	BONUS:VAR|DarkvisionRange|60|TYPE=Base								ABILITY:RACE|AUTOMATIC|Ankheg																													MONSTERCLASS:Hit Die:6				RACETYPE:Monstrosity					CR:2			SOURCEPAGE:p.21	KIT:1|Ankheg	KIT:1|UA
Azer											KEY:Azer											SIZE:M	MOVE:Walk,30									BONUS:VAR|AC_Natural_Armor|4|TYPE=Racial															ABILITY:RACE|AUTOMATIC|Azer																														MONSTERCLASS:Hit Die:6				RACETYPE:Elemental					CR:2			SOURCEPAGE:p.22	KIT:1|Azer	KIT:1|LN
Banshee										KEY:Banshee											SIZE:M	MOVE:Walk,0,Fly,40								BONUS:VAR|DarkvisionRange|60|TYPE=Base															ABILITY:RACE|AUTOMATIC|Banshee																													MONSTERCLASS:Hit Die:13				RACETYPE:Undead						CR:4			SOURCEPAGE:p.23	KIT:1|Banshee	KIT:1|CE
Basilisk										KEY:Basilisk										SIZE:L	MOVE:Walk,20									BONUS:VAR|AC_Natural_Armor|6|TYPE=Racial	BONUS:VAR|DarkvisionRange|60|TYPE=Base								ABILITY:RACE|AUTOMATIC|Basilisk																													MONSTERCLASS:Hit Die:8				RACETYPE:Monstrosity					CR:3			SOURCEPAGE:p.24	KIT:1|Basilisk	KIT:1|UA
Behir											KEY:Behir											SIZE:H	MOVE:Walk,50,Climb,40								BONUS:VAR|AC_Natural_Armor|4|TYPE=Racial	BONUS:VAR|DarkvisionRange|90|TYPE=Base								ABILITY:RACE|AUTOMATIC|Behir																													MONSTERCLASS:Hit Die:16				RACETYPE:Monstrosity					CR:11			SOURCEPAGE:p.25	KIT:1|Behir	KIT:1|NE
Beholder					SORTKEY:Beholder			KEY:Beholder										SIZE:L	MOVE:Walk,0,Fly,20								BONUS:VAR|AC_Natural_Armor|6|TYPE=Racial	BONUS:VAR|DarkvisionRange|120|TYPE=Base								ABILITY:RACE|AUTOMATIC|Beholder																													MONSTERCLASS:Hit Die:19				RACETYPE:Aberration	RACESUBTYPE:Beholder	CR:13			SOURCEPAGE:p.28	KIT:1|Beholder	KIT:1|LE
Beholder (Death Tyrant)			SORTKEY:Beholder			KEY:Beholder (Death Tyrant)			OUTPUTNAME:Death Tyrant		SIZE:L	MOVE:Walk,0,Fly,20								BONUS:VAR|AC_Natural_Armor|7|TYPE=Racial	BONUS:VAR|DarkvisionRange|120|TYPE=Base								ABILITY:RACE|AUTOMATIC|Beholder (Death Tyrant)																										MONSTERCLASS:Hit Die:25				RACETYPE:Undead		RACESUBTYPE:Beholder	CR:14			SOURCEPAGE:p.29	KIT:1|Beholder (Death Tyrant)	KIT:1|LE
Beholder (Spectator)			SORTKEY:Beholder			KEY:Beholder (Spectator)			OUTPUTNAME:Spectator		SIZE:M	MOVE:Walk,0,Fly,30								BONUS:VAR|AC_Natural_Armor|2|TYPE=Racial	BONUS:VAR|DarkvisionRange|120|TYPE=Base	BONUS:VAR|TelepathyRange|120|TYPE=Base	ABILITY:RACE|AUTOMATIC|Beholder (Spectator)																											MONSTERCLASS:Hit Die:6				RACETYPE:Aberration	RACESUBTYPE:Beholder	CR:3			SOURCEPAGE:p.30	KIT:1|Beholder (Spectator)	KIT:1|LN
Blight (Needle Blight)			SORTKEY:Blight			KEY:Blight (Needle Blight)			OUTPUTNAME:Needle Blight	SIZE:M	MOVE:Walk,30									BONUS:VAR|AC_Natural_Armor|1|TYPE=Racial	BONUS:VAR|BlindsightRange|60|TYPE=Base								ABILITY:RACE|AUTOMATIC|Blight (Needle Blight)				NATURALATTACKS:Claws,Melee.Weapon.Attack.Natural.Piercing,*1,2d4	NATURALATTACKS:Needles,Ranged.Weapon.Attack.Natural.Piercing,*1,2d6	MONSTERCLASS:Hit Die:2				RACETYPE:Plant		RACESUBTYPE:Blight	CR:1/4		SOURCEPAGE:p.32	KIT:1|Blight (Needle Blight)	KIT:1|NE
Blight (Twig Blight)			SORTKEY:Blight			KEY:Blight (Twig Blight)			OUTPUTNAME:Twig Blight		SIZE:S	MOVE:Walk,20									BONUS:VAR|AC_Natural_Armor|2|TYPE=Racial	BONUS:VAR|BlindsightRange|60|TYPE=Base								ABILITY:RACE|AUTOMATIC|Blight (Twig Blight)				NATURALATTACKS:Claws,Melee.Weapon.Attack.Natural.Piercing,*1,1d4													MONSTERCLASS:Hit Die:1				RACETYPE:Plant		RACESUBTYPE:Blight	CR:1/8		SOURCEPAGE:p.32	KIT:1|Blight (Twig Blight)	KIT:1|NE
Blight (Vine Blight)			SORTKEY:Blight			KEY:Blight (Vine Blight)			OUTPUTNAME:Vine Blight		SIZE:M	MOVE:Walk,10									BONUS:VAR|AC_Natural_Armor|3|TYPE=Racial	BONUS:VAR|BlindsightRange|60|TYPE=Base								ABILITY:RACE|AUTOMATIC|Blight (Vine Blight)																											MONSTERCLASS:Hit Die:4				RACETYPE:Plant		RACESUBTYPE:Blight	CR:1/2		SOURCEPAGE:p.32	KIT:1|Blight (Vine Blight)	KIT:1|NE
Bugbear Chief									KEY:Bugbear (Chief)									SIZE:M	MOVE:Walk,30									BONUS:VAR|DarkvisionRange|60|TYPE=Base															ABILITY:RACE|AUTOMATIC|Bugbear (Chief)																												MONSTERCLASS:Hit Die:10				RACETYPE:Humanoid		RACESUBTYPE:Goblinoid	CR:3			SOURCEPAGE:p.33	KIT:1|Bugbear (Chief)	KIT:1|CE
Bulette										KEY:Bulette											SIZE:L	MOVE:Walk,40,Burrow,40								BONUS:VAR|AC_Natural_Armor|7|TYPE=Racial	BONUS:VAR|DarkvisionRange,TremorSenseRange|60|TYPE=Base					ABILITY:RACE|AUTOMATIC|Bulette																													MONSTERCLASS:Hit Die:9				RACETYPE:Monstrosity					CR:5			SOURCEPAGE:p.34	KIT:1|Bulette	KIT:1|UA
Bullywug										KEY:Bullywug										SIZE:M	MOVE:Walk,20,Swim,40																													ABILITY:RACE|AUTOMATIC|Bullywug																													MONSTERCLASS:Hit Die:2				RACETYPE:Humanoid		RACESUBTYPE:Bullywug	CR:1/4		SOURCEPAGE:p.35	KIT:1|Bullywug	KIT:1|NE
Cambion										KEY:Cambion											SIZE:M	MOVE:Walk,30,Fly,60								BONUS:VAR|DarkvisionRange|60|TYPE=Base															ABILITY:RACE|AUTOMATIC|Cambion																													MONSTERCLASS:Hit Die:11				RACETYPE:Fiend						CR:5			SOURCEPAGE:p.36	KIT:1|Cambion	KIT:1|CE|LE|NE
Carrion Crawler									KEY:Carrion Crawler									SIZE:L	MOVE:Walk,30,Climb,30								BONUS:VAR|AC_Natural_Armor|2|TYPE=Racial	BONUS:VAR|DarkvisionRange|60|TYPE=Base								ABILITY:RACE|AUTOMATIC|Carrion Crawler																												MONSTERCLASS:Hit Die:6				RACETYPE:Monstrosity					CR:2			SOURCEPAGE:p.37	KIT:1|Carrion Crawler	KIT:1|UA
Centaur										KEY:Centaur											SIZE:L	MOVE:Walk,50																														ABILITY:RACE|AUTOMATIC|Centaur																													MONSTERCLASS:Hit Die:6				RACETYPE:Monstrosity					CR:2			SOURCEPAGE:p.38	KIT:1|Centaur	KIT:1|NG
Chimera										KEY:Chimera											SIZE:L	MOVE:Walk,30,Fly,60								BONUS:VAR|AC_Natural_Armor|4|TYPE=Racial	BONUS:VAR|DarkvisionRange|60|TYPE=Base								ABILITY:RACE|AUTOMATIC|Chimera																													MONSTERCLASS:Hit Die:12				RACETYPE:Monstrosity					CR:6			SOURCEPAGE:p.39	KIT:1|Chimera	KIT:1|CE
Chuul											KEY:Chuul											SIZE:L	MOVE:Walk,30,Swim,30								BONUS:VAR|AC_Natural_Armor|6|TYPE=Racial	BONUS:VAR|DarkvisionRange|60|TYPE=Base								ABILITY:RACE|AUTOMATIC|Chuul																													MONSTERCLASS:Hit Die:11				RACETYPE:Aberration					CR:4			SOURCEPAGE:p.40	KIT:1|Chuul	KIT:1|CE
Cloaker										KEY:Cloaker											SIZE:L	MOVE:Walk,10,Fly,40								BONUS:VAR|AC_Natural_Armor|2|TYPE=Racial	BONUS:VAR|DarkvisionRange|60|TYPE=Base								ABILITY:RACE|AUTOMATIC|Cloaker																													MONSTERCLASS:Hit Die:12				RACETYPE:Aberration					CR:8			SOURCEPAGE:p.41	KIT:1|Cloaker	KIT:1|CN
Cockatrice										KEY:Cockatrice										SIZE:S	MOVE:Walk,20,Fly,40								BONUS:VAR|DarkvisionRange|60|TYPE=Base															ABILITY:RACE|AUTOMATIC|Cockatrice																													MONSTERCLASS:Hit Die:6				RACETYPE:Monstrosity					CR:1/2		SOURCEPAGE:p.42	KIT:1|Cockatrice	KIT:1|UA
Couatl										KEY:Couatl											SIZE:M	MOVE:Walk,30,Fly,90								BONUS:VAR|AC_Natural_Armor|4|TYPE=Racial	BONUS:VAR|TruesightRange,TelepathyRange|120|TYPE=Base						ABILITY:RACE|AUTOMATIC|Couatl																													MONSTERCLASS:Hit Die:13				RACETYPE:Celestial					CR:4			SOURCEPAGE:p.43	KIT:1|Couatl	KIT:1|LG
Crawling Claw									KEY:Crawling Claw										SIZE:T	MOVE:Walk,20,Climb,20								BONUS:VAR|BlindsightRange|30|TYPE=Base															ABILITY:RACE|AUTOMATIC|Crawling Claw																												MONSTERCLASS:Hit Die:1				RACETYPE:Undead						CR:0			SOURCEPAGE:p.44	KIT:1|Crawling Claw	KIT:1|NE
Cyclops										KEY:Cyclops											SIZE:H	MOVE:Walk,30									BONUS:VAR|AC_Natural_Armor|4|TYPE=Racial															ABILITY:RACE|AUTOMATIC|Cyclops																													MONSTERCLASS:Hit Die:12				RACETYPE:Giant						CR:6			SOURCEPAGE:p.45	KIT:1|Cyclops	KIT:1|CN
Darkmantle										KEY:Darkmantle										SIZE:S	MOVE:Walk,10,Fly,30								BONUS:VAR|BlindsightRange|60|TYPE=Base															ABILITY:RACE|AUTOMATIC|Darkmantle																													MONSTERCLASS:Hit Die:5				RACETYPE:Monstrosity					CR:1/2		SOURCEPAGE:p.46	KIT:1|Darkmantle	KIT:1|UA
Death Knight									KEY:Death Knight										SIZE:M	MOVE:Walk,30									BONUS:VAR|DarkvisionRange|120|TYPE=Base															ABILITY:RACE|AUTOMATIC|Death Knight																												MONSTERCLASS:Hit Die:19				RACETYPE:Undead						CR:17			SOURCEPAGE:p.47	KIT:1|Death Knight	KIT:1|CE
Demilich										KEY:Demilich										SIZE:T	MOVE:Walk,0,Fly,30								BONUS:VAR|NaturalArmor|5|TYPE=Racial	BONUS:VAR|TruesightRange|120|TYPE=Base								ABILITY:RACE|AUTOMATIC|Demilich																													MONSTERCLASS:Hit Die:20				RACETYPE:Undead						CR:18			SOURCEPAGE:p.48	KIT:2|NE|Demilich
Balor						SORTKEY:Demon			KEY:Demon (Balor)										SIZE:H	MOVE:Walk,40,Fly,80								BONUS:VAR|NaturalArmor|7|TYPE=Racial	BONUS:VAR|TruesightRange|120|TYPE=Base								ABILITY:RACE|AUTOMATIC|Demon (Balor)																												MONSTERCLASS:Hit Die:21				RACETYPE:Fiend		RACESUBTYPE:Demon		CR:19			SOURCEPAGE:p.55	KIT:2|CE|Demon (Balor)
Barlgura					SORTKEY:Demon			KEY:Demon (Barlgura)									SIZE:L	MOVE:Walk,30,Climb,30								BONUS:VAR|NaturalArmor|3|TYPE=Racial	BONUS:VAR|DarkvisionRange|120|TYPE=Base	BONUS:VAR|BlindsightRange|30|TYPE=Base	ABILITY:RACE|AUTOMATIC|Demon (Barlgura)																												MONSTERCLASS:Hit Die:8				RACETYPE:Fiend		RACESUBTYPE:Demon		CR:5			SOURCEPAGE:p.56	KIT:2|CE|Demon (Barlgura)
Chasme					SORTKEY:Demon			KEY:Demon (Chasme)									SIZE:L	MOVE:Walk,20,Fly,60								BONUS:VAR|NaturalArmor|3|TYPE=Racial	BONUS:VAR|DarkvisionRange|120|TYPE=Base								ABILITY:RACE|AUTOMATIC|Demon (Chasme)																												MONSTERCLASS:Hit Die:13				RACETYPE:Fiend		RACESUBTYPE:Demon		CR:6			SOURCEPAGE:p.57	KIT:2|CE|Demon (Chasme)
Dretch					SORTKEY:Demon			KEY:Demon (Dretch)									SIZE:S	MOVE:Walk,20									BONUS:VAR|NaturalArmor|1|TYPE=Racial	BONUS:VAR|DarkvisionRange|60|TYPE=Base								ABILITY:RACE|AUTOMATIC|Demon (Dretch)																												MONSTERCLASS:Hit Die:4				RACETYPE:Fiend		RACESUBTYPE:Demon		CR:1/4		SOURCEPAGE:p.57	KIT:2|CE|Demon (Dretch)
Glabrezu					SORTKEY:Demon			KEY:Demon (Glabrezu)									SIZE:L	MOVE:Walk,40									BONUS:VAR|NaturalArmor|5|TYPE=Racial	BONUS:VAR|TruesightRange|120|TYPE=Base								ABILITY:RACE|AUTOMATIC|Demon (Glabrezu)																												MONSTERCLASS:Hit Die:15				RACETYPE:Fiend		RACESUBTYPE:Demon		CR:9			SOURCEPAGE:p.58	KIT:2|CE|Demon (Glabrezu)
Goristro					SORTKEY:Demon			KEY:Demon (Goristro)									SIZE:H	MOVE:Walk,40									BONUS:VAR|NaturalArmor|9|TYPE=Racial	BONUS:VAR|DarkvisionRange|120|TYPE=Base								ABILITY:RACE|AUTOMATIC|Demon (Goristro)																												MONSTERCLASS:Hit Die:23				RACETYPE:Fiend		RACESUBTYPE:Demon		CR:17			SOURCEPAGE:p.59	KIT:2|CE|Demon (Goristro)
Hezrou					SORTKEY:Demon			KEY:Demon (Hezrou)									SIZE:L	MOVE:Walk,30									BONUS:VAR|NaturalArmor|3|TYPE=Racial	BONUS:VAR|DarkvisionRange|120|TYPE=Base								ABILITY:RACE|AUTOMATIC|Demon (Hezrou)																												MONSTERCLASS:Hit Die:13				RACETYPE:Fiend		RACESUBTYPE:Demon		CR:8			SOURCEPAGE:p.60	KIT:2|CE|Demon (Hezrou)
Manes						SORTKEY:Demon			KEY:Demon (Manes)										SIZE:S	MOVE:Walk,20									BONUS:VAR|DarkvisionRange|60|TYPE=Base															ABILITY:RACE|AUTOMATIC|Demon (Manes)																												MONSTERCLASS:Hit Die:2				RACETYPE:Fiend		RACESUBTYPE:Demon		CR:1/8		SOURCEPAGE:p.60	KIT:2|CE|Demon (Manes)
Marilith					SORTKEY:Demon			KEY:Demon (Marilith)									SIZE:L	MOVE:Walk,40									BONUS:VAR|NaturalArmor|3|TYPE=Racial	BONUS:VAR|TruesightRange|120|TYPE=Base								ABILITY:RACE|AUTOMATIC|Demon (Marilith)																												MONSTERCLASS:Hit Die:18				RACETYPE:Fiend		RACESUBTYPE:Demon		CR:16			SOURCEPAGE:p.61	KIT:2|CE|Demon (Marilith)
Nalfeshnee					SORTKEY:Demon			KEY:Demon (Nalfeshnee)									SIZE:L	MOVE:Walk,20,Fly,30								BONUS:VAR|NaturalArmor|8|TYPE=Racial	BONUS:VAR|TruesightRange|120|TYPE=Base								ABILITY:RACE|AUTOMATIC|Demon (Nalfeshnee)																											MONSTERCLASS:Hit Die:16				RACETYPE:Fiend		RACESUBTYPE:Demon		CR:13			SOURCEPAGE:p.62	KIT:2|CE|Demon (Nalfeshnee)
Quasit					SORTKEY:Demon			KEY:Demon (Quasit)									SIZE:T	MOVE:Walk,40									BONUS:VAR|DarkvisionRange|120|TYPE=Base															ABILITY:RACE|AUTOMATIC|Demon (Quasit)																												MONSTERCLASS:Hit Die:3				RACETYPE:Fiend		RACESUBTYPE:Demon		CR:1			SOURCEPAGE:p.63	KIT:2|CE|Demon (Quasit)
Shadow Demon				SORTKEY:Demon			KEY:Demon (Shadow Demon)								SIZE:M	MOVE:Walk,30,Fly,30								BONUS:VAR|DarkvisionRange|120|TYPE=Base															ABILITY:RACE|AUTOMATIC|Demon (Shadow Demon)																											MONSTERCLASS:Hit Die:12				RACETYPE:Fiend		RACESUBTYPE:Demon		CR:4			SOURCEPAGE:p.64	KIT:2|CE|Demon (Shadow Demon)
Vrock						SORTKEY:Demon			KEY:Demon (Vrock)										SIZE:L	MOVE:Walk,40,Fly,60								BONUS:VAR|NaturalArmor|3|TYPE=Racial	BONUS:VAR|DarkvisionRange|120|TYPE=Base								ABILITY:RACE|AUTOMATIC|Demon (Vrock)																												MONSTERCLASS:Hit Die:11				RACETYPE:Fiend		RACESUBTYPE:Demon		CR:6			SOURCEPAGE:p.64	KIT:2|CE|Demon (Vrock)
Yochlol					SORTKEY:Demon			KEY:Demon (Yochlol)									SIZE:M	MOVE:Walk,30,Climb,30								BONUS:VAR|NaturalArmor|3|TYPE=Racial	BONUS:VAR|DarkvisionRange|120|TYPE=Base								ABILITY:RACE|AUTOMATIC|Demon (Yochlol)																												MONSTERCLASS:Hit Die:16				RACETYPE:Fiend		RACESUBTYPE:Demon		CR:10			SOURCEPAGE:p.65	KIT:2|CE|Demon (Yochlol)
#
Goblin Boss										KEY:Goblin (Boss)										SIZE:S	MOVE:Walk,30									BONUS:VAR|DarkvisionRange|60|TYPE=Base															ABILITY:RACE|AUTOMATIC|Goblin (Boss)																												MONSTERCLASS:Hit Die:6				RACETYPE:Humanoid		RACESUBTYPE:Goblinoid	CR:1			SOURCEPAGE:p.166	KIT:1|NE		KIT:1|Goblin (Boss)		
Ogre											KEY:Ogre											SIZE:L	MOVE:Walk,40									BONUS:VAR|DarkvisionRange|60|TYPE=Base															ABILITY:RACE|AUTOMATIC|Ogre																														MONSTERCLASS:Hit Die:7				RACETYPE:Giant						CR:2			SOURCEPAGE:p.237	KIT:1|CE		KIT:1|Ogre				
Half-Ogre										KEY:Half-Ogre										SIZE:L	MOVE:Walk,30									BONUS:VAR|DarkvisionRange|60|TYPE=Base															ABILITY:RACE|AUTOMATIC|Half-Ogre																													MONSTERCLASS:Hit Die:4				RACETYPE:Giant						CR:1			SOURCEPAGE:p.237	KIT:1|CE|CG|CN	KIT:1|Half-Ogre			
Orc War Chief									KEY:Orc (War Chief)									SIZE:M	MOVE:Walk,30									BONUS:VAR|DarkvisionRange|60|TYPE=Base															ABILITY:RACE|AUTOMATIC|Orc (War Chief)																												MONSTERCLASS:Hit Die:11				RACETYPE:Humanoid		RACESUBTYPE:Orc		CR:4			SOURCEPAGE:p.246	KIT:1|CE		KIT:1|Orc (War Chief)		
Orc Eye of Gruumsh								KEY:Orc (Eye of Gruumsh)								SIZE:M	MOVE:Walk,30									BONUS:VAR|DarkvisionRange|60|TYPE=Base															ABILITY:RACE|AUTOMATIC|Orc (Eye of Gruumsh)																											MONSTERCLASS:Hit Die:6				RACETYPE:Humanoid		RACESUBTYPE:Orc		CR:2			SOURCEPAGE:p.247	KIT:1|CE		KIT:1|Orc (Eye of Gruumsh)	
Orog											KEY:Orog											SIZE:M	MOVE:Walk,30									BONUS:VAR|DarkvisionRange|60|TYPE=Base															ABILITY:RACE|AUTOMATIC|Orog																														MONSTERCLASS:Hit Die:5				RACETYPE:Humanoid		RACESUBTYPE:Orc		CR:2			SOURCEPAGE:p.247	KIT:1|CE		KIT:1|Orog				
Troll											KEY:Troll											SIZE:M	MOVE:Walk,30									BONUS:VAR|NaturalArmor|4|TYPE=Racial	BONUS:VAR|DarkvisionRange|60|TYPE=Base								ABILITY:RACE|AUTOMATIC|Troll																													MONSTERCLASS:Hit Die:8				RACETYPE:Giant						CR:5			SOURCEPAGE:p.291	KIT:1|CE		KIT:1|Troll			
Lizard										KEY:Lizard							ABILITY:RACE|AUTOMATIC|Lizard							SOURCEPAGE:p.332			SIZE:T	RACETYPE:Animal	BONUS:VAR|NaturalArmor|0|TYPE=Racial	MONSTERCLASS:Hit Die:1	MOVE:Walk,20,Climb,20	BONUS:VAR|DarkvisionRange|30|TYPE=Base	CR:0
Dragon					SORTKEY:Dragon			KEY:Dragon						BONUS:ABILITYPOOL|Dragon Subrace|1	BONUS:ABILITYPOOL|Dragon Age Category|1	BONUS:VAR|DarkvisionRange|60|TYPE=Base	BONUS:VAR|BlindsightRange|10|TYPE=Base
# Test Dragon Support
Copper Dragon				SORTKEY:Dragon ~ Metallic	KEY:Dragon (Copper)											MOVE:Walk,0			BONUS:ABILITYPOOL|Dragon Age Category|1	BONUS:VAR|DarkvisionRange|60|TYPE=Base	BONUS:VAR|BlindsightRange|10|TYPE=Base																																													MONSTERCLASS:Hit Die:4				RACETYPE:Dragon						CR:1						KIT:1|Copper Dragon

Pegasus	SORTKEY:Pegasus	KEY:Pegasus	ABILITY:RACE|AUTOMATIC|Pegasus	SOURCEPAGE:p.250	SIZE:L	RACETYPE:Celestial	KIT:2|CG|Pegasus	BONUS:VAR|NaturalArmor|0|TYPE=Racial	MONSTERCLASS:Hit Die:7	MOVE:Walk,60,Fly,90	BONUS:VAR|DarkvisionRange|0|TYPE=Base	CR:2



Griffon					SORTKEY:Griffon	KEY:Griffon	ABILITY:RACE|AUTOMATIC|Griffon	SOURCEPAGE:p.178	SIZE:L	RACETYPE:Monstrosity	KIT:2|UA|Griffon	BONUS:VAR|NaturalArmor|0|TYPE=Racial	MONSTERCLASS:Hit Die:7	MOVE:Walk,30,Fly,80	BONUS:VAR|DarkvisionRange|60|TYPE=Base	CR:2

Dinosaur (Tyrannosaurus Rex)		SORTKEY:Dinosaur	KEY:Dinosaur (Tyrannosaurus Rex)	ABILITY:RACE|AUTOMATIC|Dinosaur (Tyrannosaurus Rex)	SOURCEPAGE:p.80	SIZE:H	RACETYPE:Monstrosity	KIT:2|UA|Tyrannosaurus Rex	BONUS:VAR|NaturalArmor|3|TYPE=Racial	MONSTERCLASS:Hit Die:13	MOVE:Walk,50	BONUS:VAR|DarkvisionRange|0|TYPE=Base	CR:8











