# CVS $Revision: $ $Author: $ -- Thu Aug  7 12:47:32 2014 -- reformated by prettylst.pl v1.51 (build 24365)


# Feat Name			Type			Visible	Required AL		Maximum Level Allowed			Required Stat	Required Text										Special ABility							Define				Clear Description	Description																			Stackable?	Multiple?	Choose			Selections	Ability								Modify VAR					Class Skill	Vision			Source Page		PRETOTALAB
Back to the Wall		CATEGORY:FEAT	TYPE:General	VISIBLE:YES																																										DESC:See Text																																																	SOURCEPAGE:p.	PRETOTALAB:2
Cold One			CATEGORY:FEAT	TYPE:General	VISIBLE:YES													PRETEXT:You must have lost at least level due an energy drain attack																		DESC:See Text																																																	SOURCEPAGE:p.
Courage			CATEGORY:FEAT	TYPE:General	VISIBLE:YES																																										DESC:See Text																												ABILITY:Special Ability|AUTOMATIC|Resistance To Fear	BONUS:VAR|FearResistanceBonus|4							SOURCEPAGE:p.
Dead Man Walking		CATEGORY:FEAT	TYPE:General	VISIBLE:YES													PRETEXT:You must have survived an encounter that went against you.																		DESC:See Text																																																	SOURCEPAGE:p.
Ethereal Empathy		CATEGORY:FEAT	TYPE:General	VISIBLE:YES										PRESTAT:1,WIS=13																														DESC:See Text																																																	SOURCEPAGE:p.
Ghostsight			CATEGORY:FEAT	TYPE:General	VISIBLE:YES													PRETEXT:You must have had a brush with death.																						DESC:See Text																																													VISION:Ghostsight (30')	SOURCEPAGE:p.
Haunted			CATEGORY:FEAT	TYPE:General	VISIBLE:YES													PRETEXT:For the obvious reason, someone close to you must have death.																		DESC:See Text																																																	SOURCEPAGE:p.
Jaded				CATEGORY:FEAT	TYPE:General	VISIBLE:YES																									SAB:+4 bonus on all Horror saves.												DESC:See Text																																																	SOURCEPAGE:p.
Lunatic			CATEGORY:FEAT	TYPE:General	VISIBLE:YES	PREALIGN:CG,CN,CE																																							DESC:See Text																																																	SOURCEPAGE:p.
Open Mind			CATEGORY:FEAT	TYPE:General	VISIBLE:YES																									SAB:+4 bonus on all Madness saves.												DESC:See Text																																																	SOURCEPAGE:p.
Redhead			CATEGORY:FEAT	TYPE:General	VISIBLE:YES				PRECLASSLEVELMAX:1,TYPE.Base=1	PRESTAT:1,WIS=11																														DESC:See Text																																																	SOURCEPAGE:p.
Reincarnated		CATEGORY:FEAT	TYPE:General	VISIBLE:YES				PRECLASSLEVELMAX:1,TYPE.Base=1																																	DESC:See Text																		STACK:NO	MULT:YES	CHOOSE:SKILL|CROSSCLASS	SELECT:1																CSKILL:LIST					SOURCEPAGE:p.
Voice of Wrath		CATEGORY:FEAT	TYPE:General	VISIBLE:YES																									SAB:+% bonus on all Curse checks.|VoiceOfWrathBonus	DEFINE:VoiceOfWrathBonus|4				DESC:See Text																																																	SOURCEPAGE:p.

###Block:
CATEGORY=FEAT|Back to the Wall.MOD	DESC:.CLEAR		DESC:You are at your best when your situation is at its worst.
CATEGORY=FEAT|Cold One.MOD		DESC:.CLEAR		DESC:You are cold and clammy to the touch
CATEGORY=FEAT|Courage.MOD		DESC:.CLEAR		DESC:You are particular fearless in the face of danger.
CATEGORY=FEAT|Dead Man Walking.MOD	DESC:.CLEAR		DESC:After you brush with the horrors of the night, you accept that you are living on borrowed time.
CATEGORY=FEAT|Ethereal Empathy.MOD	DESC:.CLEAR		DESC:You have psychic ability to sense the emotions imbued within ethereal resonance.
CATEGORY=FEAT|Ghostsight.MOD		DESC:.CLEAR		DESC:You can see creatures in the Near Ethereal.
CATEGORY=FEAT|Haunted.MOD		DESC:.CLEAR		DESC:The spirit of a friend, ally or loved one has returned from the grave to watch over you as a geist.
CATEGORY=FEAT|Jaded.MOD			DESC:.CLEAR		DESC:You have been hardened against the horrors of the world by crude experience.
CATEGORY=FEAT|Lunatic.MOD		DESC:.CLEAR		DESC:Your mind and body are tied to the cycles of the moon, making you more energetic and excitable as the moon waxes.
CATEGORY=FEAT|Open Mind.MOD		DESC:.CLEAR		DESC:An adaptable m,ind keeps your sanity resilient.
CATEGORY=FEAT|Redhead.MOD		DESC:.CLEAR		DESC:According to the folklore of some domains, people born with red hair have been marked by the fey.
CATEGORY=FEAT|Reincarnated.MOD	DESC:.CLEAR		DESC:You have bvague, dreamlike memories of a former life.
CATEGORY=FEAT|Voice of Wrath.MOD	DESC:.CLEAR		DESC:The unseen voices of vengeance heed your command.
