# CVS $Revision: $ $Author: $ -- Thu Jul 10 13:59:32 2014 -- reformated by prettylst.pl v1.51 (build 24365)
#PCGen Version:5.13.4 Compliant

# Class Name		Hit Dice	Type			Abbreviation	Max Level	Source Page			Combat bonus												Modify VAR								Bonus
CLASS:The Spellcaster	HD:6		TYPE:PC.Base	FACT:Abb|SC		MAXLEVEL:20	SOURCEPAGE:p.4	DEFINE:TheSpellcasterLVL|0	BONUS:VAR|TheSpellcasterLVL|classlevel()	BONUS:COMBAT|BASEAB|classlevel("APPLIEDAS=NONEPIC")*1/2|PREVAREQ:UseFractionalBAB,0	BONUS:VAR|ClassBABPoor|CL|PREVAREQ:UseFractionalBAB,1	BONUS:SAVE|BASE.Will|classlevel("APPLIEDAS=NONEPIC")/2+2	BONUS:SAVE|BASE.Reflex,BASE.Fortitude|classlevel("APPLIEDAS=NONEPIC")/3
# Class Name		Skill Pts/Lvl	Class Skill
CLASS:The Spellcaster	STARTSKILLPTS:4	CSKILL:Bluff|Concentration|Decipher Script|Detect Magic|Ghost Sound|TYPE=Knowledge|Prestidigitation|Resistance|Speak Language|Sense Motive|Spellcraft
###Block: 
1	ABILITY:Class|AUTOMATIC|The Spellcaster
###Block: Class Progression
1	ABILITY:The Spellcaster Class Feature|AUTOMATIC|The Spellcaster ~ Bonus feat		
1	ABILITY:The Spellcaster Class Feature|AUTOMATIC|The Spellcaster ~ Student of Magic	
1	ABILITY:The Spellcaster Class Feature|AUTOMATIC|The Spellcaster ~ Talent			
3	ABILITY:The Spellcaster Class Feature|AUTOMATIC|The Spellcaster ~ Skill Focus		
5	ABILITY:The Spellcaster Class Feature|AUTOMATIC|The Spellcaster ~ First Magnitude	
10	ABILITY:The Spellcaster Class Feature|AUTOMATIC|The Spellcaster ~ Second Magnitude	
15	ABILITY:The Spellcaster Class Feature|AUTOMATIC|The Spellcaster ~ Third Magnitude	
20	ABILITY:The Spellcaster Class Feature|AUTOMATIC|The Spellcaster ~ Fourth Magnitude	

