# CVS $Revision: $ $Author: $ -- Sun Dec  8 22:17:49 2013 -- reformated by prettylst.pl v1.50 (build 22352)

###Block:
# Race Name	Favored Class			Starting Feats	Size		Move			Ignore Encumberance				Face/Space	Reach		Bonus Languages						Save checks bonus									Stat bonus								Automatically Gained Language	Ability								Main Race Type	Race Subtype		Type			Challenge Rating	Source Page		SORTKEY
Human		FAVCLASS:HIGHESTLEVELCLASS	STARTFEATS:1	SIZE:M	MOVE:Walk,30								FACE:5	REACH:5	LANGBONUS:TYPE=Spoken																									AUTO:LANG|Common			ABILITY:Internal|AUTOMATIC|Race Traits ~ Human		RACETYPE:Humanoid	RACESUBTYPE:Human		TYPE:Humanoid.PC	CR:1/2		SOURCEPAGE:p.12	SORTKEY:A1
Dwarf		KIT:1|Dwarf				STARTFEATS:1	SIZE:M	MOVE:Walk,20	UNENCUMBEREDMOVE:HeavyLoad|HeavyArmor	FACE:5	REACH:5																																		ABILITY:Internal|AUTOMATIC|Race Traits ~ Dwarf		RACETYPE:Humanoid	RACESUBTYPE:Dwarf		TYPE:Humanoid.PC	CR:1/2		SOURCEPAGE:p.14	SORTKEY:A2
Elf		KIT:1|Elf				STARTFEATS:1	SIZE:M	MOVE:Walk,30								FACE:5	REACH:5																																		ABILITY:Internal|AUTOMATIC|Race Traits ~ Elf		RACETYPE:Humanoid	RACESUBTYPE:Elf		TYPE:Humanoid.PC	CR:1/2		SOURCEPAGE:p.15	SORTKEY:A3
Gnome		KIT:1|Gnome				STARTFEATS:1	SIZE:S	MOVE:Walk,20								FACE:5	REACH:5																																		ABILITY:Internal|AUTOMATIC|Race Traits ~ Gnome		RACETYPE:Humanoid	RACESUBTYPE:Gnome		TYPE:Humanoid.PC	CR:1/2		SOURCEPAGE:p.16	SORTKEY:A4
#Half-Elf	FAVCLASS:HIGHESTLEVELCLASS	STARTFEATS:1	SIZE:M	MOVE:Walk,30								FACE:5	REACH:5																																			ABILITY:Internal|AUTOMATIC|Race Traits ~ Half-Elf	RACETYPE:Humanoid	RACESUBTYPE:Elf		TYPE:Humanoid.PC	CR:1/2		SOURCEPAGE:p.18	SORTKEY:A5
Half-Orc	FAVCLASS:Barbarian		STARTFEATS:1	SIZE:M	MOVE:Walk,30								FACE:5	REACH:5	LANGBONUS:Abyssal,Draconic,Giant,Gnoll,Goblin												BONUS:STAT|STR|2	BONUS:STAT|INT|-2	BONUS:STAT|CHA|-2	AUTO:LANG|Common|Orc		ABILITY:Internal|AUTOMATIC|Race Traits ~ Half-Orc	RACETYPE:Humanoid	RACESUBTYPE:Orc		TYPE:Humanoid.PC	CR:1/2		SOURCEPAGE:p.18	SORTKEY:A6
Halfling	KIT:1|Halfling			STARTFEATS:1	SIZE:S	MOVE:Walk,20								FACE:5	REACH:5									BONUS:CHECKS|Fortitude,Reflex,Will|HalflingSaveBonus|TYPE=Racial															ABILITY:Internal|AUTOMATIC|Race Traits ~ Halfling	RACETYPE:Humanoid	RACESUBTYPE:Halfling	TYPE:Humanoid.PC	CR:1/2		SOURCEPAGE:p.19	SORTKEY:A7
